Archive member included to satisfy reference by file (symbol)

C:/ST/STM32CubeIDE_1.17.0/STM32CubeIDE/plugins/com.st.stm32cube.ide.mcu.externaltools.gnu-tools-for-stm32.13.3.rel1.win32_1.0.0.202411081344/tools/bin/../lib/gcc/arm-none-eabi/13.3.1/../../../../arm-none-eabi/lib/thumb/v7e-m+dp/hard\libc_nano.a(libc_a-exit.o)
                              C:/ST/STM32CubeIDE_1.17.0/STM32CubeIDE/plugins/com.st.stm32cube.ide.mcu.externaltools.gnu-tools-for-stm32.13.3.rel1.win32_1.0.0.202411081344/tools/bin/../lib/gcc/arm-none-eabi/13.3.1/../../../../arm-none-eabi/lib/thumb/v7e-m+dp/hard/crt0.o (exit)
C:/ST/STM32CubeIDE_1.17.0/STM32CubeIDE/plugins/com.st.stm32cube.ide.mcu.externaltools.gnu-tools-for-stm32.13.3.rel1.win32_1.0.0.202411081344/tools/bin/../lib/gcc/arm-none-eabi/13.3.1/../../../../arm-none-eabi/lib/thumb/v7e-m+dp/hard\libc_nano.a(libc_a-nano-vfprintf_float.o)
                              (_printf_float)
C:/ST/STM32CubeIDE_1.17.0/STM32CubeIDE/plugins/com.st.stm32cube.ide.mcu.externaltools.gnu-tools-for-stm32.13.3.rel1.win32_1.0.0.202411081344/tools/bin/../lib/gcc/arm-none-eabi/13.3.1/../../../../arm-none-eabi/lib/thumb/v7e-m+dp/hard\libc_nano.a(libc_a-nano-vfprintf_i.o)
                              C:/ST/STM32CubeIDE_1.17.0/STM32CubeIDE/plugins/com.st.stm32cube.ide.mcu.externaltools.gnu-tools-for-stm32.13.3.rel1.win32_1.0.0.202411081344/tools/bin/../lib/gcc/arm-none-eabi/13.3.1/../../../../arm-none-eabi/lib/thumb/v7e-m+dp/hard\libc_nano.a(libc_a-nano-vfprintf_float.o) (_printf_common)
C:/ST/STM32CubeIDE_1.17.0/STM32CubeIDE/plugins/com.st.stm32cube.ide.mcu.externaltools.gnu-tools-for-stm32.13.3.rel1.win32_1.0.0.202411081344/tools/bin/../lib/gcc/arm-none-eabi/13.3.1/../../../../arm-none-eabi/lib/thumb/v7e-m+dp/hard\libc_nano.a(libc_a-findfp.o)
                              ./Middlewares/Third_Party/FreeRTOS/Source/tasks.o (__sf)
C:/ST/STM32CubeIDE_1.17.0/STM32CubeIDE/plugins/com.st.stm32cube.ide.mcu.externaltools.gnu-tools-for-stm32.13.3.rel1.win32_1.0.0.202411081344/tools/bin/../lib/gcc/arm-none-eabi/13.3.1/../../../../arm-none-eabi/lib/thumb/v7e-m+dp/hard\libc_nano.a(libc_a-fwalk.o)
                              C:/ST/STM32CubeIDE_1.17.0/STM32CubeIDE/plugins/com.st.stm32cube.ide.mcu.externaltools.gnu-tools-for-stm32.13.3.rel1.win32_1.0.0.202411081344/tools/bin/../lib/gcc/arm-none-eabi/13.3.1/../../../../arm-none-eabi/lib/thumb/v7e-m+dp/hard\libc_nano.a(libc_a-findfp.o) (_fwalk_sglue)
C:/ST/STM32CubeIDE_1.17.0/STM32CubeIDE/plugins/com.st.stm32cube.ide.mcu.externaltools.gnu-tools-for-stm32.13.3.rel1.win32_1.0.0.202411081344/tools/bin/../lib/gcc/arm-none-eabi/13.3.1/../../../../arm-none-eabi/lib/thumb/v7e-m+dp/hard\libc_nano.a(libc_a-printf.o)
                              ./Core/Src/Xbee.o (printf)
C:/ST/STM32CubeIDE_1.17.0/STM32CubeIDE/plugins/com.st.stm32cube.ide.mcu.externaltools.gnu-tools-for-stm32.13.3.rel1.win32_1.0.0.202411081344/tools/bin/../lib/gcc/arm-none-eabi/13.3.1/../../../../arm-none-eabi/lib/thumb/v7e-m+dp/hard\libc_nano.a(libc_a-puts.o)
                              ./Core/Src/NEO_M9_UART.o (puts)
C:/ST/STM32CubeIDE_1.17.0/STM32CubeIDE/plugins/com.st.stm32cube.ide.mcu.externaltools.gnu-tools-for-stm32.13.3.rel1.win32_1.0.0.202411081344/tools/bin/../lib/gcc/arm-none-eabi/13.3.1/../../../../arm-none-eabi/lib/thumb/v7e-m+dp/hard\libc_nano.a(libc_a-stdio.o)
                              C:/ST/STM32CubeIDE_1.17.0/STM32CubeIDE/plugins/com.st.stm32cube.ide.mcu.externaltools.gnu-tools-for-stm32.13.3.rel1.win32_1.0.0.202411081344/tools/bin/../lib/gcc/arm-none-eabi/13.3.1/../../../../arm-none-eabi/lib/thumb/v7e-m+dp/hard\libc_nano.a(libc_a-findfp.o) (__sread)
C:/ST/STM32CubeIDE_1.17.0/STM32CubeIDE/plugins/com.st.stm32cube.ide.mcu.externaltools.gnu-tools-for-stm32.13.3.rel1.win32_1.0.0.202411081344/tools/bin/../lib/gcc/arm-none-eabi/13.3.1/../../../../arm-none-eabi/lib/thumb/v7e-m+dp/hard\libc_nano.a(libc_a-wbuf.o)
                              C:/ST/STM32CubeIDE_1.17.0/STM32CubeIDE/plugins/com.st.stm32cube.ide.mcu.externaltools.gnu-tools-for-stm32.13.3.rel1.win32_1.0.0.202411081344/tools/bin/../lib/gcc/arm-none-eabi/13.3.1/../../../../arm-none-eabi/lib/thumb/v7e-m+dp/hard\libc_nano.a(libc_a-puts.o) (__swbuf_r)
C:/ST/STM32CubeIDE_1.17.0/STM32CubeIDE/plugins/com.st.stm32cube.ide.mcu.externaltools.gnu-tools-for-stm32.13.3.rel1.win32_1.0.0.202411081344/tools/bin/../lib/gcc/arm-none-eabi/13.3.1/../../../../arm-none-eabi/lib/thumb/v7e-m+dp/hard\libc_nano.a(libc_a-wsetup.o)
                              C:/ST/STM32CubeIDE_1.17.0/STM32CubeIDE/plugins/com.st.stm32cube.ide.mcu.externaltools.gnu-tools-for-stm32.13.3.rel1.win32_1.0.0.202411081344/tools/bin/../lib/gcc/arm-none-eabi/13.3.1/../../../../arm-none-eabi/lib/thumb/v7e-m+dp/hard\libc_nano.a(libc_a-puts.o) (__swsetup_r)
[...]
Memory Configuration

Name             Origin             Length             Attributes
FLASH            0x08000000         0x00200000         xr
DTCMRAM          0x20000000         0x00020000         xrw
RAM_D1           0x24000000         0x00080000         xrw
RAM_D2           0x30000000         0x00048000         xrw
RAM_D3           0x38000000         0x00010000         xrw
ITCMRAM          0x00000000         0x00010000         xrw
*default*        0x00000000         0xffffffff

Linker script and memory map

LOAD C:/ST/STM32CubeIDE_1.17.0/STM32CubeIDE/plugins/com.st.stm32cube.ide.mcu.externaltools.gnu-tools-for-stm32.13.3.rel1.win32_1.0.0.202411081344/tools/bin/../lib/gcc/arm-none-eabi/13.3.1/thumb/v7e-m+dp/hard/crti.o
LOAD C:/ST/STM32CubeIDE_1.17.0/STM32CubeIDE/plugins/com.st.stm32cube.ide.mcu.externaltools.gnu-tools-for-stm32.13.3.rel1.win32_1.0.0.202411081344/tools/bin/../lib/gcc/arm-none-eabi/13.3.1/thumb/v7e-m+dp/hard/crtbegin.o
LOAD C:/ST/STM32CubeIDE_1.17.0/STM32CubeIDE/plugins/com.st.stm32cube.ide.mcu.externaltools.gnu-tools-for-stm32.13.3.rel1.win32_1.0.0.202411081344/tools/bin/../lib/gcc/arm-none-eabi/13.3.1/../../../../arm-none-eabi/lib/thumb/v7e-m+dp/hard/crt0.o
LOAD ./Core/Src/BNO085_SPI_Library.o
LOAD ./Core/Src/Control.o
LOAD ./Core/Src/Hardware_Init.o
LOAD ./Core/Src/NEO_M9_UART.o
LOAD ./Core/Src/Servo.o
LOAD ./Core/Src/Xbee.o
LOAD ./Core/Src/ekfAlgo.o
LOAD ./Core/Src/freertos.o
LOAD ./Core/Src/main.o
LOAD ./Core/Src/old_main.o
LOAD ./Core/Src/spi.o
LOAD ./Core/Src/stm32h7xx_hal_msp.o
LOAD ./Core/Src/stm32h7xx_hal_timebase_tim.o
LOAD ./Core/Src/stm32h7xx_it.o
LOAD ./Core/Src/syscalls.o
LOAD ./Core/Src/sysmem.o
LOAD ./Core/Src/system_stm32h7xx.o
LOAD ./Core/Startup/startup_stm32h743zitx.o
LOAD ./Drivers/STM32H7xx_HAL_Driver/Src/stm32h7xx_hal.o
LOAD ./Drivers/STM32H7xx_HAL_Driver/Src/stm32h7xx_hal_cortex.o
LOAD ./Drivers/STM32H7xx_HAL_Driver/Src/stm32h7xx_hal_dma.o
LOAD ./Drivers/STM32H7xx_HAL_Driver/Src/stm32h7xx_hal_dma_ex.o
LOAD ./Drivers/STM32H7xx_HAL_Driver/Src/stm32h7xx_hal_exti.o
LOAD ./Drivers/STM32H7xx_HAL_Driver/Src/stm32h7xx_hal_flash.o
LOAD ./Drivers/STM32H7xx_HAL_Driver/Src/stm32h7xx_hal_flash_ex.o
LOAD ./Drivers/STM32H7xx_HAL_Driver/Src/stm32h7xx_hal_gpio.o
LOAD ./Drivers/STM32H7xx_HAL_Driver/Src/stm32h7xx_hal_hsem.o
LOAD ./Drivers/STM32H7xx_HAL_Driver/Src/stm32h7xx_hal_i2c.o
LOAD ./Drivers/STM32H7xx_HAL_Driver/Src/stm32h7xx_hal_i2c_ex.o
LOAD ./Drivers/STM32H7xx_HAL_Driver/Src/stm32h7xx_hal_mdma.o
LOAD ./Drivers/STM32H7xx_HAL_Driver/Src/stm32h7xx_hal_pwr.o
LOAD ./Drivers/STM32H7xx_HAL_Driver/Src/stm32h7xx_hal_pwr_ex.o
LOAD ./Drivers/STM32H7xx_HAL_Driver/Src/stm32h7xx_hal_rcc.o
LOAD ./Drivers/STM32H7xx_HAL_Driver/Src/stm32h7xx_hal_rcc_ex.o
LOAD ./Drivers/STM32H7xx_HAL_Driver/Src/stm32h7xx_hal_spi.o
LOAD ./Drivers/STM32H7xx_HAL_Driver/Src/stm32h7xx_hal_spi_ex.o
LOAD ./Drivers/STM32H7xx_HAL_Driver/Src/stm32h7xx_hal_tim.o
LOAD ./Drivers/STM32H7xx_HAL_Driver/Src/stm32h7xx_hal_tim_ex.o
LOAD ./Drivers/STM32H7xx_HAL_Driver/Src/stm32h7xx_hal_uart.o
LOAD ./Drivers/STM32H7xx_HAL_Driver/Src/stm32h7xx_hal_uart_ex.o
LOAD ./Middlewares/Third_Party/FreeRTOS/Source/CMSIS_RTOS_V2/cmsis_os2.o
LOAD ./Middlewares/Third_Party/FreeRTOS/Source/croutine.o
LOAD ./Middlewares/Third_Party/FreeRTOS/Source/event_groups.o
LOAD ./Middlewares/Third_Party/FreeRTOS/Source/list.o
LOAD ./Middlewares/Third_Party/FreeRTOS/Source/queue.o
LOAD ./Middlewares/Third_Party/FreeRTOS/Source/stream_buffer.o
LOAD ./Middlewares/Third_Party/FreeRTOS/Source/tasks.o
LOAD ./Middlewares/Third_Party/FreeRTOS/Source/timers.o
LOAD ./Middlewares/Third_Party/FreeRTOS/Source/portable/GCC/ARM_CM4F/port.o
LOAD ./Middlewares/Third_Party/FreeRTOS/Source/portable/MemMang/heap_4.o
START GROUP
LOAD C:/ST/STM32CubeIDE_1.17.0/STM32CubeIDE/plugins/com.st.stm32cube.ide.mcu.externaltools.gnu-tools-for-stm32.13.3.rel1.win32_1.0.0.202411081344/tools/bin/../lib/gcc/arm-none-eabi/13.3.1/../../../../arm-none-eabi/lib/thumb/v7e-m+dp/hard\libc_nano.a
LOAD C:/ST/STM32CubeIDE_1.17.0/STM32CubeIDE/plugins/com.st.stm32cube.ide.mcu.externaltools.gnu-tools-for-stm32.13.3.rel1.win32_1.0.0.202411081344/tools/bin/../lib/gcc/arm-none-eabi/13.3.1/../../../../arm-none-eabi/lib/thumb/v7e-m+dp/hard\libm.a
END GROUP
START GROUP
LOAD C:/ST/STM32CubeIDE_1.17.0/STM32CubeIDE/plugins/com.st.stm32cube.ide.mcu.externaltools.gnu-tools-for-stm32.13.3.rel1.win32_1.0.0.202411081344/tools/bin/../lib/gcc/arm-none-eabi/13.3.1/thumb/v7e-m+dp/hard\libgcc.a
LOAD C:/ST/STM32CubeIDE_1.17.0/STM32CubeIDE/plugins/com.st.stm32cube.ide.mcu.externaltools.gnu-tools-for-stm32.13.3.rel1.win32_1.0.0.202411081344/tools/bin/../lib/gcc/arm-none-eabi/13.3.1/../../../../arm-none-eabi/lib/thumb/v7e-m+dp/hard\libc_nano.a
END GROUP
START GROUP
LOAD C:/ST/STM32CubeIDE_1.17.0/STM32CubeIDE/plugins/com.st.stm32cube.ide.mcu.externaltools.gnu-tools-for-stm32.13.3.rel1.win32_1.0.0.202411081344/tools/bin/../lib/gcc/arm-none-eabi/13.3.1/thumb/v7e-m+dp/hard\libgcc.a
LOAD C:/ST/STM32CubeIDE_1.17.0/STM32CubeIDE/plugins/com.st.stm32cube.ide.mcu.externaltools.gnu-tools-for-stm32.13.3.rel1.win32_1.0.0.202411081344/tools/bin/../lib/gcc/arm-none-eabi/13.3.1/../../../../arm-none-eabi/lib/thumb/v7e-m+dp/hard\libc_nano.a
LOAD C:/ST/STM32CubeIDE_1.17.0/STM32CubeIDE/plugins/com.st.stm32cube.ide.mcu.externaltools.gnu-tools-for-stm32.13.3.rel1.win32_1.0.0.202411081344/tools/bin/../lib/gcc/arm-none-eabi/13.3.1/../../../../arm-none-eabi/lib/thumb/v7e-m+dp/hard\libnosys.a
END GROUP
START GROUP
LOAD C:/ST/STM32CubeIDE_1.17.0/STM32CubeIDE/plugins/com.st.stm32cube.ide.mcu.externaltools.gnu-tools-for-stm32.13.3.rel1.win32_1.0.0.202411081344/tools/bin/../lib/gcc/arm-none-eabi/13.3.1/thumb/v7e-m+dp/hard\libgcc.a
LOAD C:/ST/STM32CubeIDE_1.17.0/STM32CubeIDE/plugins/com.st.stm32cube.ide.mcu.externaltools.gnu-tools-for-stm32.13.3.rel1.win32_1.0.0.202411081344/tools/bin/../lib/gcc/arm-none-eabi/13.3.1/../../../../arm-none-eabi/lib/thumb/v7e-m+dp/hard\libc_nano.a
LOAD C:/ST/STM32CubeIDE_1.17.0/STM32CubeIDE/plugins/com.st.stm32cube.ide.mcu.externaltools.gnu-tools-for-stm32.13.3.rel1.win32_1.0.0.202411081344/tools/bin/../lib/gcc/arm-none-eabi/13.3.1/../../../../arm-none-eabi/lib/thumb/v7e-m+dp/hard\libnosys.a
END GROUP
LOAD C:/ST/STM32CubeIDE_1.17.0/STM32CubeIDE/plugins/com.st.stm32cube.ide.mcu.externaltools.gnu-tools-for-stm32.13.3.rel1.win32_1.0.0.202411081344/tools/bin/../lib/gcc/arm-none-eabi/13.3.1/thumb/v7e-m+dp/hard/crtend.o
LOAD C:/ST/STM32CubeIDE_1.17.0/STM32CubeIDE/plugins/com.st.stm32cube.ide.mcu.externaltools.gnu-tools-for-stm32.13.3.rel1.win32_1.0.0.202411081344/tools/bin/../lib/gcc/arm-none-eabi/13.3.1/thumb/v7e-m+dp/hard/crtn.o
                0x24080000                        _estack = (ORIGIN (RAM_D1) + LENGTH (RAM_D1))
                0x00000200                        _Min_Heap_Size = 0x200
                0x00000400                        _Min_Stack_Size = 0x400

.isr_vector     0x08000000      0x298
                0x08000000                        . = ALIGN (0x4)
 *(.isr_vector)
 .isr_vector    0x08000000      0x298 ./Core/Startup/startup_stm32h743zitx.o
                0x08000000                g_pfnVectors
                0x08000298                        . = ALIGN (0x4)

.text           0x080002a0    0x1b348
                0x080002a0                        . = ALIGN (0x4)
 *(.text)
 .text          0x080002a0       0x40 C:/ST/STM32CubeIDE_1.17.0/STM32CubeIDE/plugins/com.st.stm32cube.ide.mcu.externaltools.gnu-tools-for-stm32.13.3.rel1.win32_1.0.0.202411081344/tools/bin/../lib/gcc/arm-none-eabi/13.3.1/thumb/v7e-m+dp/hard/crtbegin.o
 .text          0x080002e0       0xa0 C:/ST/STM32CubeIDE_1.17.0/STM32CubeIDE/plugins/com.st.stm32cube.ide.mcu.externaltools.gnu-tools-for-stm32.13.3.rel1.win32_1.0.0.202411081344/tools/bin/../lib/gcc/arm-none-eabi/13.3.1/../../../../arm-none-eabi/lib/thumb/v7e-m+dp/hard\libc_nano.a(libc_a-memchr.o)
                0x080002e0                memchr
 .text          0x08000380       0x10 C:/ST/STM32CubeIDE_1.17.0/STM32CubeIDE/plugins/com.st.stm32cube.ide.mcu.externaltools.gnu-tools-for-stm32.13.3.rel1.win32_1.0.0.202411081344/tools/bin/../lib/gcc/arm-none-eabi/13.3.1/../../../../arm-none-eabi/lib/thumb/v7e-m+dp/hard\libc_nano.a(libc_a-strlen.o)
                0x08000380                strlen
 .text          0x08000390      0x378 C:/ST/STM32CubeIDE_1.17.0/STM32CubeIDE/plugins/com.st.stm32cube.ide.mcu.externaltools.gnu-tools-for-stm32.13.3.rel1.win32_1.0.0.202411081344/tools/bin/../lib/gcc/arm-none-eabi/13.3.1/thumb/v7e-m+dp/hard\libgcc.a(_arm_addsubdf3.o)
                0x08000390                __aeabi_drsub
                0x08000398                __aeabi_dsub
                0x08000398                __subdf3
                0x0800039c                __aeabi_dadd
                0x0800039c                __adddf3
                0x08000614                __floatunsidf
                0x08000614                __aeabi_ui2d
                0x08000634                __floatsidf
                0x08000634                __aeabi_i2d
                0x08000658                __aeabi_f2d
                0x08000658                __extendsfdf2
                0x0800069c                __floatundidf
                0x0800069c                __aeabi_ul2d
                0x080006ac                __floatdidf
                0x080006ac                __aeabi_l2d
 .text          0x08000708       0x30 C:/ST/STM32CubeIDE_1.17.0/STM32CubeIDE/plugins/com.st.stm32cube.ide.mcu.externaltools.gnu-tools-for-stm32.13.3.rel1.win32_1.0.0.202411081344/tools/bin/../lib/gcc/arm-none-eabi/13.3.1/thumb/v7e-m+dp/hard\libgcc.a(_aeabi_uldivmod.o)
                0x08000708                __aeabi_uldivmod
 .text          0x08000738      0x2f8 C:/ST/STM32CubeIDE_1.17.0/STM32CubeIDE/plugins/com.st.stm32cube.ide.mcu.externaltools.gnu-tools-for-stm32.13.3.rel1.win32_1.0.0.202411081344/tools/bin/../lib/gcc/arm-none-eabi/13.3.1/thumb/v7e-m+dp/hard\libgcc.a(_udivmoddi4.o)
                0x08000738                __udivmoddi4
 .text          0x08000a30        0x4 C:/ST/STM32CubeIDE_1.17.0/STM32CubeIDE/plugins/com.st.stm32cube.ide.mcu.externaltools.gnu-tools-for-stm32.13.3.rel1.win32_1.0.0.202411081344/tools/bin/../lib/gcc/arm-none-eabi/13.3.1/thumb/v7e-m+dp/hard\libgcc.a(_dvmd_tls.o)
                0x08000a30                __aeabi_idiv0
                0x08000a30                __aeabi_ldiv0
 *(.text*)
 .text.SPI_Transmit
                0x08000a34       0x2c ./Core/Src/BNO085_SPI_Library.o
                0x08000a34                SPI_Transmit
 .text.SPI_TransmitReceive_Return_Byte
                0x08000a60       0x30 ./Core/Src/BNO085_SPI_Library.o
                0x08000a60                SPI_TransmitReceive_Return_Byte
 .text.rstn     0x08000a90       0x28 ./Core/Src/BNO085_SPI_Library.o
 .text.csn      0x08000ab8       0x28 ./Core/Src/BNO085_SPI_Library.o
 .text.reset_Hardware
                0x08000ae0       0x5a ./Core/Src/BNO085_SPI_Library.o
 .text.wait_for_INTN
                0x08000b3a       0x54 ./Core/Src/BNO085_SPI_Library.o
 .text.fixpoint_to_float
                0x08000b8e       0x58 ./Core/Src/BNO085_SPI_Library.o
 .text.receive_Data
                0x08000be6      0x180 ./Core/Src/BNO085_SPI_Library.o
                0x08000be6                receive_Data
 .text.send_Data
                0x08000d66       0xcc ./Core/Src/BNO085_SPI_Library.o
 .text.set_FeatureCommand
                0x08000e32       0xc8 ./Core/Src/BNO085_SPI_Library.o
 *fill*         0x08000efa        0x2 
 .text.parse_InputReport
                0x08000efc      0x2ac ./Core/Src/BNO085_SPI_Library.o
                0x08000efc                parse_InputReport
 .text.get_Readings
                0x080011a8       0x5c ./Core/Src/BNO085_SPI_Library.o
 .text.register_Sensor
                0x08001204       0x50 ./Core/Src/BNO085_SPI_Library.o
                0x08001204                register_Sensor
 .text.clear_init_Message_IMU
                0x08001254       0x44 ./Core/Src/BNO085_SPI_Library.o
                0x08001254                clear_init_Message_IMU
 .text.hardreset_IMU
                0x08001298       0x28 ./Core/Src/BNO085_SPI_Library.o
                0x08001298                hardreset_IMU
 .text.get_and_clear_Reset_Status
                0x080012c0       0x2a ./Core/Src/BNO085_SPI_Library.o
                0x080012c0                get_and_clear_Reset_Status
 .text.enable_GameRotationVector
                0x080012ea       0x36 ./Core/Src/BNO085_SPI_Library.o
                0x080012ea                enable_GameRotationVector
 .text.enable_LinearAcceleration
                0x08001320       0x2a ./Core/Src/BNO085_SPI_Library.o
                0x08001320                enable_LinearAcceleration
 .text.enable_Gyroscope
                0x0800134a       0x2a ./Core/Src/BNO085_SPI_Library.o
                0x0800134a                enable_Gyroscope
 .text.tare_now
                0x08001374       0x74 ./Core/Src/BNO085_SPI_Library.o
                0x08001374                tare_now
 .text.force_read_data
                0x080013e8       0x28 ./Core/Src/BNO085_SPI_Library.o
                0x080013e8                force_read_data
 .text.get_LinearAcceleration_X
                0x08001410       0x34 ./Core/Src/BNO085_SPI_Library.o
                0x08001410                get_LinearAcceleration_X
 .text.get_LinearAcceleration_Y
                0x08001444       0x34 ./Core/Src/BNO085_SPI_Library.o
                0x08001444                get_LinearAcceleration_Y
 .text.get_LinearAcceleration_Z
                0x08001478       0x34 ./Core/Src/BNO085_SPI_Library.o
                0x08001478                get_LinearAcceleration_Z
 .text.get_Gyroscope_X
                0x080014ac       0x30 ./Core/Src/BNO085_SPI_Library.o
                0x080014ac                get_Gyroscope_X
 .text.get_Gyroscope_Y
                0x080014dc       0x30 ./Core/Src/BNO085_SPI_Library.o
                0x080014dc                get_Gyroscope_Y
 .text.get_Gyroscope_Z
                0x0800150c       0x30 ./Core/Src/BNO085_SPI_Library.o
                0x0800150c                get_Gyroscope_Z
 .text.get_Quat_I
                0x0800153c       0x34 ./Core/Src/BNO085_SPI_Library.o
                0x0800153c                get_Quat_I
 .text.get_Quat_J
                0x08001570       0x34 ./Core/Src/BNO085_SPI_Library.o
                0x08001570                get_Quat_J
 .text.get_Quat_K
                0x080015a4       0x34 ./Core/Src/BNO085_SPI_Library.o
                0x080015a4                get_Quat_K
 .text.get_Quat_Real
                0x080015d8       0x34 ./Core/Src/BNO085_SPI_Library.o
                0x080015d8                get_Quat_Real
 .text.get_Quat_Accuracy
                0x0800160c       0x1c ./Core/Src/BNO085_SPI_Library.o
                0x0800160c                get_Quat_Accuracy
 .text.calc_angle
                0x08001628      0x1c0 ./Core/Src/Control.o
                0x08001628                calc_angle
 .text.normalize_angle
                0x080017e8       0x94 ./Core/Src/Control.o
                0x080017e8                normalize_angle
 .text.HAL_Init_GPIO_Sensor
                0x0800187c       0x54 ./Core/Src/Hardware_Init.o
 .text.init_GPIO_IMU
                0x080018d0       0x28 ./Core/Src/Hardware_Init.o
                0x080018d0                init_GPIO_IMU
 .text.init_Hardware_BNO085
                0x080018f8       0x2c ./Core/Src/Hardware_Init.o
                0x080018f8                init_Hardware_BNO085
 .text.calculate_checksum
                0x08001924       0x62 ./Core/Src/NEO_M9_UART.o
 *fill*         0x08001986        0x2 
 .text.M9N_Init
                0x08001988      0x110 ./Core/Src/NEO_M9_UART.o
                0x08001988                M9N_Init
 .text.config_geofence
                0x08001a98      0x1a4 ./Core/Src/NEO_M9_UART.o
                0x08001a98                config_geofence
 .text.processGPS
                0x08001c3c      0x26c ./Core/Src/NEO_M9_UART.o
                0x08001c3c                processGPS
 .text.servo_init
                0x08001ea8       0x34 ./Core/Src/Servo.o
                0x08001ea8                servo_init
 .text.clamp_u16
                0x08001edc       0x38 ./Core/Src/Servo.o
 .text.ServoWriteUS
                0x08001f14       0x90 ./Core/Src/Servo.o
                0x08001f14                ServoWriteUS
 *fill*         0x08001fa4        0x4 
 .text.ServoTurnAngle
                0x08001fa8       0x50 ./Core/Src/Servo.o
                0x08001fa8                ServoTurnAngle
 .text.turnLeft
                0x08001ff8       0x3c ./Core/Src/Servo.o
                0x08001ff8                turnLeft
 .text.turnRight
                0x08002034       0x3c ./Core/Src/Servo.o
                0x08002034                turnRight
 .text.servosReset
                0x08002070       0x18 ./Core/Src/Servo.o
                0x08002070                servosReset
 .text.deadSpin
                0x08002088       0x18 ./Core/Src/Servo.o
                0x08002088                deadSpin
 .text.__NVIC_GetEnableIRQ
                0x080020a0       0x40 ./Core/Src/Xbee.o
 .text.xbee_init
                0x080020e0       0xcc ./Core/Src/Xbee.o
                0x080020e0                xbee_init
 .text.xbee_send_data
                0x080021ac       0x2c ./Core/Src/Xbee.o
                0x080021ac                xbee_send_data
 .text.HAL_UART_RxCpltCallback
                0x080021d8       0x74 ./Core/Src/Xbee.o
                0x080021d8                HAL_UART_RxCpltCallback
 .text.HAL_UART_ErrorCallback
                0x0800224c      0x10c ./Core/Src/Xbee.o
                0x0800224c                HAL_UART_ErrorCallback
 .text.HAL_UART_AbortReceiveCpltCallback
                0x08002358      0x1a8 ./Core/Src/Xbee.o
                0x08002358                HAL_UART_AbortReceiveCpltCallback
 .text.handle_cmd
                0x08002500      0x194 ./Core/Src/Xbee.o
                0x08002500                handle_cmd
 *fill*         0x08002694        0x4 
 .text.wrap_to_pi
                0x08002698       0x98 ./Core/Src/ekfAlgo.o
 .text.ParafoilEKF_Init
                0x08002730      0x148 ./Core/Src/ekfAlgo.o
                0x08002730                ParafoilEKF_Init
 .text.GPS_ToNED
                0x08002878       0xf8 ./Core/Src/ekfAlgo.o
                0x08002878                GPS_ToNED
 .text.NED_ToGPS
                0x08002970       0xf4 ./Core/Src/ekfAlgo.o
                0x08002970                NED_ToGPS
 .text.ParafoilEKF_Predict
                0x08002a64      0x620 ./Core/Src/ekfAlgo.o
                0x08002a64                ParafoilEKF_Predict
 .text.EKF_SequentialUpdate
                0x08003084      0x41c ./Core/Src/ekfAlgo.o
 .text.ParafoilEKF_UpdateGPS
                0x080034a0      0x37c ./Core/Src/ekfAlgo.o
                0x080034a0                ParafoilEKF_UpdateGPS
 *fill*         0x0800381c        0x4 
 .text.ParafoilEKF_GetHeading
                0x08003820      0x120 ./Core/Src/ekfAlgo.o
                0x08003820                ParafoilEKF_GetHeading
 .text.ParafoilEKF_GetPositionGPS
                0x08003940       0x8a ./Core/Src/ekfAlgo.o
                0x08003940                ParafoilEKF_GetPositionGPS
 .text.ParafoilEKF_IsReady
                0x080039ca       0x1a ./Core/Src/ekfAlgo.o
                0x080039ca                ParafoilEKF_IsReady
 *fill*         0x080039e4        0x4 
 .text.quat_to_euler
                0x080039e8      0x1cc ./Core/Src/freertos.o
                0x080039e8                quat_to_euler
 .text.MX_FREERTOS_Init
                0x08003bb4      0x2b4 ./Core/Src/freertos.o
                0x08003bb4                MX_FREERTOS_Init
 .text.read_GPS
                0x08003e68      0x2f8 ./Core/Src/freertos.o
                0x08003e68                read_GPS
 .text.updateServos
                0x08004160      0x510 ./Core/Src/freertos.o
                0x08004160                updateServos
 .text.readCoord
                0x08004670      0x184 ./Core/Src/freertos.o
                0x08004670                readCoord
 .text.newGeoFence
                0x080047f4      0x368 ./Core/Src/freertos.o
                0x080047f4                newGeoFence
 .text.StartBno085Task
                0x08004b5c      0x814 ./Core/Src/freertos.o
                0x08004b5c                StartBno085Task
 .text.sendData
                0x08005370      0x1a8 ./Core/Src/freertos.o
                0x08005370                sendData
 .text.get_accuracy_string
                0x08005518       0x5c ./Core/Src/freertos.o
                0x08005518                get_accuracy_string
 .text.delay_Us
                0x08005574       0x4c ./Core/Src/main.o
                0x08005574                delay_Us
 .text.main     0x080055c0      0x27c ./Core/Src/main.o
                0x080055c0                main
 .text.SystemClock_Config
                0x0800583c      0x100 ./Core/Src/main.o
                0x0800583c                SystemClock_Config
 .text.MX_I2C1_Init
                0x0800593c       0x80 ./Core/Src/main.o
 .text.MX_TIM4_Init
                0x080059bc      0x104 ./Core/Src/main.o
 .text.MX_USART1_UART_Init
                0x08005ac0       0xbc ./Core/Src/main.o
 .text.MX_USART2_UART_Init
                0x08005b7c       0x98 ./Core/Src/main.o
 .text.MX_USART3_UART_Init
                0x08005c14       0x98 ./Core/Src/main.o
 .text.MX_DMA_Init
                0x08005cac       0x40 ./Core/Src/main.o
 .text.MX_GPIO_Init
                0x08005cec      0x218 ./Core/Src/main.o
 .text.HAL_UARTEx_RxEventCallback
                0x08005f04      0x344 ./Core/Src/main.o
                0x08005f04                HAL_UARTEx_RxEventCallback
 .text.MX_DWT_Init
                0x08006248       0x30 ./Core/Src/main.o
 .text.MX_TIM1_Init
                0x08006278      0x104 ./Core/Src/main.o
 .text.HAL_TIM_PeriodElapsedCallback
                0x0800637c       0x24 ./Core/Src/main.o
                0x0800637c                HAL_TIM_PeriodElapsedCallback
 .text.Error_Handler
                0x080063a0       0x48 ./Core/Src/main.o
                0x080063a0                Error_Handler
 .text.MX_SPI4_Init
                0x080063e8       0xb0 ./Core/Src/spi.o
                0x080063e8                MX_SPI4_Init
 .text.HAL_SPI_MspInit
                0x08006498       0xd4 ./Core/Src/spi.o
                0x08006498                HAL_SPI_MspInit
 .text.HAL_MspInit
                0x0800656c       0x3c ./Core/Src/stm32h7xx_hal_msp.o
                0x0800656c                HAL_MspInit
 .text.HAL_I2C_MspInit
                0x080065a8       0xf4 ./Core/Src/stm32h7xx_hal_msp.o
                0x080065a8                HAL_I2C_MspInit
 .text.HAL_TIM_Base_MspInit
                0x0800669c       0x44 ./Core/Src/stm32h7xx_hal_msp.o
                0x0800669c                HAL_TIM_Base_MspInit
 .text.HAL_TIM_MspPostInit
                0x080066e0       0xc8 ./Core/Src/stm32h7xx_hal_msp.o
                0x080066e0                HAL_TIM_MspPostInit
 .text.HAL_UART_MspInit
                0x080067a8      0x2e8 ./Core/Src/stm32h7xx_hal_msp.o
                0x080067a8                HAL_UART_MspInit
 .text.HAL_InitTick
                0x08006a90       0xd8 ./Core/Src/stm32h7xx_hal_timebase_tim.o
                0x08006a90                HAL_InitTick
 .text.NMI_Handler
                0x08006b68        0x8 ./Core/Src/stm32h7xx_it.o
                0x08006b68                NMI_Handler
 .text.HardFault_Handler
                0x08006b70        0x8 ./Core/Src/stm32h7xx_it.o
                0x08006b70                HardFault_Handler
 .text.MemManage_Handler
                0x08006b78        0x8 ./Core/Src/stm32h7xx_it.o
                0x08006b78                MemManage_Handler
 .text.BusFault_Handler
                0x08006b80        0x8 ./Core/Src/stm32h7xx_it.o
                0x08006b80                BusFault_Handler
 .text.UsageFault_Handler
                0x08006b88        0x8 ./Core/Src/stm32h7xx_it.o
                0x08006b88                UsageFault_Handler
 .text.DebugMon_Handler
                0x08006b90        0xe ./Core/Src/stm32h7xx_it.o
                0x08006b90                DebugMon_Handler
 *fill*         0x08006b9e        0x2 
 .text.DMA1_Stream0_IRQHandler
                0x08006ba0       0x14 ./Core/Src/stm32h7xx_it.o
                0x08006ba0                DMA1_Stream0_IRQHandler
 .text.I2C1_EV_IRQHandler
                0x08006bb4       0x14 ./Core/Src/stm32h7xx_it.o
                0x08006bb4                I2C1_EV_IRQHandler
 .text.I2C1_ER_IRQHandler
                0x08006bc8       0x14 ./Core/Src/stm32h7xx_it.o
                0x08006bc8                I2C1_ER_IRQHandler
 .text.USART1_IRQHandler
                0x08006bdc       0x14 ./Core/Src/stm32h7xx_it.o
                0x08006bdc                USART1_IRQHandler
 .text.USART2_IRQHandler
                0x08006bf0       0x20 ./Core/Src/stm32h7xx_it.o
                0x08006bf0                USART2_IRQHandler
 .text.TIM6_DAC_IRQHandler
                0x08006c10       0x14 ./Core/Src/stm32h7xx_it.o
                0x08006c10                TIM6_DAC_IRQHandler
 .text.EXTI2_IRQHandler
                0x08006c24       0x30 ./Core/Src/stm32h7xx_it.o
                0x08006c24                EXTI2_IRQHandler
 .text._getpid  0x08006c54       0x10 ./Core/Src/syscalls.o
                0x08006c54                _getpid
 .text._kill    0x08006c64       0x20 ./Core/Src/syscalls.o
                0x08006c64                _kill
 .text._exit    0x08006c84       0x16 ./Core/Src/syscalls.o
                0x08006c84                _exit
 .text._read    0x08006c9a       0x3a ./Core/Src/syscalls.o
                0x08006c9a                _read
 .text._write   0x08006cd4       0x38 ./Core/Src/syscalls.o
                0x08006cd4                _write
 .text._close   0x08006d0c       0x18 ./Core/Src/syscalls.o
                0x08006d0c                _close
 .text._fstat   0x08006d24       0x20 ./Core/Src/syscalls.o
                0x08006d24                _fstat
 .text._isatty  0x08006d44       0x16 ./Core/Src/syscalls.o
                0x08006d44                _isatty
 .text._lseek   0x08006d5a       0x1a ./Core/Src/syscalls.o
                0x08006d5a                _lseek
 .text._sbrk    0x08006d74       0x6c ./Core/Src/sysmem.o
                0x08006d74                _sbrk
 .text.SystemInit
                0x08006de0      0x140 ./Core/Src/system_stm32h7xx.o
                0x08006de0                SystemInit
 .text.ExitRun0Mode
                0x08006f20       0x30 ./Core/Src/system_stm32h7xx.o
                0x08006f20                ExitRun0Mode
 .text.Reset_Handler
                0x08006f50       0x54 ./Core/Startup/startup_stm32h743zitx.o
                0x08006f50                Reset_Handler
 .text.Default_Handler
                0x08006fa4        0x2 ./Core/Startup/startup_stm32h743zitx.o
                0x08006fa4                RTC_Alarm_IRQHandler
                0x08006fa4                TIM8_CC_IRQHandler
                0x08006fa4                HRTIM1_Master_IRQHandler
                0x08006fa4                UART8_IRQHandler
                0x08006fa4                SPI4_IRQHandler
                0x08006fa4                TIM1_CC_IRQHandler
                0x08006fa4                BDMA_Channel6_IRQHandler
                0x08006fa4                DMA2_Stream5_IRQHandler
                0x08006fa4                HRTIM1_FLT_IRQHandler
                0x08006fa4                JPEG_IRQHandler
                0x08006fa4                DMA1_Stream5_IRQHandler
                0x08006fa4                BDMA_Channel1_IRQHandler
                0x08006fa4                HRTIM1_TIMD_IRQHandler
                0x08006fa4                TAMP_STAMP_IRQHandler
                0x08006fa4                EXTI3_IRQHandler
                0x08006fa4                LPTIM4_IRQHandler
                0x08006fa4                TIM8_TRG_COM_TIM14_IRQHandler
                0x08006fa4                LPTIM2_IRQHandler
                0x08006fa4                DFSDM1_FLT1_IRQHandler
                0x08006fa4                DMAMUX2_OVR_IRQHandler
                0x08006fa4                TIM8_UP_TIM13_IRQHandler
                0x08006fa4                I2C3_ER_IRQHandler
                0x08006fa4                DFSDM1_FLT2_IRQHandler
                0x08006fa4                MDMA_IRQHandler
                0x08006fa4                LPTIM3_IRQHandler
                0x08006fa4                HSEM1_IRQHandler
                0x08006fa4                EXTI0_IRQHandler
                0x08006fa4                I2C2_EV_IRQHandler
                0x08006fa4                DMA1_Stream2_IRQHandler
                0x08006fa4                FPU_IRQHandler
                0x08006fa4                OTG_HS_WKUP_IRQHandler
                0x08006fa4                FDCAN1_IT1_IRQHandler
                0x08006fa4                LTDC_ER_IRQHandler
                0x08006fa4                DMA2_Stream2_IRQHandler
                0x08006fa4                HRTIM1_TIME_IRQHandler
                0x08006fa4                SPI1_IRQHandler
                0x08006fa4                DCMI_IRQHandler
                0x08006fa4                HRTIM1_TIMC_IRQHandler
                0x08006fa4                DMA2_Stream3_IRQHandler
                0x08006fa4                SAI2_IRQHandler
                0x08006fa4                DFSDM1_FLT3_IRQHandler
                0x08006fa4                USART6_IRQHandler
                0x08006fa4                TIM17_IRQHandler
                0x08006fa4                USART3_IRQHandler
                0x08006fa4                BDMA_Channel7_IRQHandler
                0x08006fa4                LPTIM5_IRQHandler
                0x08006fa4                UART5_IRQHandler
                0x08006fa4                ADC3_IRQHandler
                0x08006fa4                DMA2_Stream0_IRQHandler
                0x08006fa4                TIM4_IRQHandler
                0x08006fa4                BDMA_Channel2_IRQHandler
                0x08006fa4                QUADSPI_IRQHandler
                0x08006fa4                DMA1_Stream6_IRQHandler
                0x08006fa4                DMAMUX1_OVR_IRQHandler
                0x08006fa4                DMA1_Stream1_IRQHandler
                0x08006fa4                TIM16_IRQHandler
                0x08006fa4                UART4_IRQHandler
                0x08006fa4                BDMA_Channel5_IRQHandler
                0x08006fa4                TIM3_IRQHandler
                0x08006fa4                RCC_IRQHandler
                0x08006fa4                TIM8_BRK_TIM12_IRQHandler
                0x08006fa4                TIM1_TRG_COM_IRQHandler
                0x08006fa4                Default_Handler
                0x08006fa4                ECC_IRQHandler
                0x08006fa4                CEC_IRQHandler
                0x08006fa4                EXTI15_10_IRQHandler
                0x08006fa4                BDMA_Channel0_IRQHandler
                0x08006fa4                ADC_IRQHandler
                0x08006fa4                DMA1_Stream7_IRQHandler
                0x08006fa4                HRTIM1_TIMA_IRQHandler
                0x08006fa4                SPI5_IRQHandler
                0x08006fa4                TIM7_IRQHandler
                0x08006fa4                SDMMC1_IRQHandler
                0x08006fa4                TIM5_IRQHandler
                0x08006fa4                DMA2_Stream7_IRQHandler
                0x08006fa4                TIM15_IRQHandler
                0x08006fa4                PVD_AVD_IRQHandler
                0x08006fa4                I2C3_EV_IRQHandler
                0x08006fa4                EXTI9_5_IRQHandler
                0x08006fa4                RTC_WKUP_IRQHandler
                0x08006fa4                LTDC_IRQHandler
                0x08006fa4                SAI3_IRQHandler
                0x08006fa4                ETH_WKUP_IRQHandler
                0x08006fa4                SPDIF_RX_IRQHandler
                0x08006fa4                SPI2_IRQHandler
                0x08006fa4                OTG_HS_EP1_IN_IRQHandler
                0x08006fa4                CRS_IRQHandler
                0x08006fa4                EXTI4_IRQHandler
                0x08006fa4                RNG_IRQHandler
                0x08006fa4                HRTIM1_TIMB_IRQHandler
                0x08006fa4                FDCAN2_IT1_IRQHandler
                0x08006fa4                ETH_IRQHandler
                0x08006fa4                TIM1_UP_IRQHandler
                0x08006fa4                BDMA_Channel4_IRQHandler
                0x08006fa4                OTG_HS_EP1_OUT_IRQHandler
                0x08006fa4                WWDG_IRQHandler
                0x08006fa4                SPI6_IRQHandler
                0x08006fa4                MDIOS_IRQHandler
                0x08006fa4                I2C4_EV_IRQHandler
                0x08006fa4                FDCAN2_IT0_IRQHandler
                0x08006fa4                LPUART1_IRQHandler
                0x08006fa4                FDCAN1_IT0_IRQHandler
                0x08006fa4                TIM2_IRQHandler
                0x08006fa4                OTG_FS_WKUP_IRQHandler
                0x08006fa4                OTG_HS_IRQHandler
                0x08006fa4                DMA2D_IRQHandler
                0x08006fa4                TIM1_BRK_IRQHandler
                0x08006fa4                EXTI1_IRQHandler
                0x08006fa4                SDMMC2_IRQHandler
                0x08006fa4                OTG_FS_EP1_OUT_IRQHandler
                0x08006fa4                BDMA_Channel3_IRQHandler
                0x08006fa4                UART7_IRQHandler
                0x08006fa4                MDIOS_WKUP_IRQHandler
                0x08006fa4                DFSDM1_FLT0_IRQHandler
                0x08006fa4                SAI4_IRQHandler
                0x08006fa4                I2C2_ER_IRQHandler
                0x08006fa4                DMA2_Stream1_IRQHandler
                0x08006fa4                FLASH_IRQHandler
                0x08006fa4                DMA2_Stream4_IRQHandler
                0x08006fa4                OTG_FS_IRQHandler
                0x08006fa4                SPI3_IRQHandler
                0x08006fa4                WAKEUP_PIN_IRQHandler
                0x08006fa4                DMA1_Stream4_IRQHandler
                0x08006fa4                OTG_FS_EP1_IN_IRQHandler
                0x08006fa4                FMC_IRQHandler
                0x08006fa4                FDCAN_CAL_IRQHandler
                0x08006fa4                SWPMI1_IRQHandler
                0x08006fa4                COMP1_IRQHandler
                0x08006fa4                LPTIM1_IRQHandler
                0x08006fa4                I2C4_ER_IRQHandler
                0x08006fa4                DMA2_Stream6_IRQHandler
                0x08006fa4                SAI1_IRQHandler
                0x08006fa4                DMA1_Stream3_IRQHandler
 *fill*         0x08006fa6        0x2 
 .text.HAL_Init
                0x08006fa8       0x78 ./Drivers/STM32H7xx_HAL_Driver/Src/stm32h7xx_hal.o
                0x08006fa8                HAL_Init
 .text.HAL_IncTick
                0x08007020       0x28 ./Drivers/STM32H7xx_HAL_Driver/Src/stm32h7xx_hal.o
                0x08007020                HAL_IncTick
 .text.HAL_GetTick
                0x08007048       0x18 ./Drivers/STM32H7xx_HAL_Driver/Src/stm32h7xx_hal.o
                0x08007048                HAL_GetTick
 .text.HAL_Delay
                0x08007060       0x48 ./Drivers/STM32H7xx_HAL_Driver/Src/stm32h7xx_hal.o
                0x08007060                HAL_Delay
 .text.HAL_GetREVID
                0x080070a8       0x18 ./Drivers/STM32H7xx_HAL_Driver/Src/stm32h7xx_hal.o
                0x080070a8                HAL_GetREVID
 .text.__NVIC_SetPriorityGrouping
                0x080070c0       0x48 ./Drivers/STM32H7xx_HAL_Driver/Src/stm32h7xx_hal_cortex.o
 .text.__NVIC_GetPriorityGrouping
                0x08007108       0x1c ./Drivers/STM32H7xx_HAL_Driver/Src/stm32h7xx_hal_cortex.o
 .text.__NVIC_EnableIRQ
                0x08007124       0x3c ./Drivers/STM32H7xx_HAL_Driver/Src/stm32h7xx_hal_cortex.o
 .text.__NVIC_SetPriority
                0x08007160       0x54 ./Drivers/STM32H7xx_HAL_Driver/Src/stm32h7xx_hal_cortex.o
 .text.NVIC_EncodePriority
                0x080071b4       0x66 ./Drivers/STM32H7xx_HAL_Driver/Src/stm32h7xx_hal_cortex.o
 .text.HAL_NVIC_SetPriorityGrouping
                0x0800721a       0x16 ./Drivers/STM32H7xx_HAL_Driver/Src/stm32h7xx_hal_cortex.o
                0x0800721a                HAL_NVIC_SetPriorityGrouping
 .text.HAL_NVIC_SetPriority
                0x08007230       0x34 ./Drivers/STM32H7xx_HAL_Driver/Src/stm32h7xx_hal_cortex.o
                0x08007230                HAL_NVIC_SetPriority
 .text.HAL_NVIC_EnableIRQ
                0x08007264       0x1c ./Drivers/STM32H7xx_HAL_Driver/Src/stm32h7xx_hal_cortex.o
                0x08007264                HAL_NVIC_EnableIRQ
 .text.HAL_DMA_Init
                0x08007280      0x6b8 ./Drivers/STM32H7xx_HAL_Driver/Src/stm32h7xx_hal_dma.o
                0x08007280                HAL_DMA_Init
 .text.HAL_DMA_Start_IT
                0x08007938      0x4d4 ./Drivers/STM32H7xx_HAL_Driver/Src/stm32h7xx_hal_dma.o
                0x08007938                HAL_DMA_Start_IT
 .text.HAL_DMA_Abort
                0x08007e0c      0x63c ./Drivers/STM32H7xx_HAL_Driver/Src/stm32h7xx_hal_dma.o
                0x08007e0c                HAL_DMA_Abort
 .text.HAL_DMA_Abort_IT
                0x08008448      0x48c ./Drivers/STM32H7xx_HAL_Driver/Src/stm32h7xx_hal_dma.o
                0x08008448                HAL_DMA_Abort_IT
 .text.HAL_DMA_IRQHandler
                0x080088d4      0xe54 ./Drivers/STM32H7xx_HAL_Driver/Src/stm32h7xx_hal_dma.o
                0x080088d4                HAL_DMA_IRQHandler
 .text.HAL_DMA_GetState
                0x08009728       0x1c ./Drivers/STM32H7xx_HAL_Driver/Src/stm32h7xx_hal_dma.o
                0x08009728                HAL_DMA_GetState
 .text.DMA_SetConfig
                0x08009744      0x358 ./Drivers/STM32H7xx_HAL_Driver/Src/stm32h7xx_hal_dma.o
 .text.DMA_CalcBaseAndBitshift
                0x08009a9c      0x164 ./Drivers/STM32H7xx_HAL_Driver/Src/stm32h7xx_hal_dma.o
 .text.DMA_CheckFifoParam
                0x08009c00       0xf8 ./Drivers/STM32H7xx_HAL_Driver/Src/stm32h7xx_hal_dma.o
 .text.DMA_CalcDMAMUXChannelBaseAndMask
                0x08009cf8      0x134 ./Drivers/STM32H7xx_HAL_Driver/Src/stm32h7xx_hal_dma.o
 .text.DMA_CalcDMAMUXRequestGenBaseAndMask
                0x08009e2c       0xe8 ./Drivers/STM32H7xx_HAL_Driver/Src/stm32h7xx_hal_dma.o
 .text.HAL_GPIO_Init
                0x08009f14      0x360 ./Drivers/STM32H7xx_HAL_Driver/Src/stm32h7xx_hal_gpio.o
                0x08009f14                HAL_GPIO_Init
 .text.HAL_GPIO_ReadPin
                0x0800a274       0x30 ./Drivers/STM32H7xx_HAL_Driver/Src/stm32h7xx_hal_gpio.o
                0x0800a274                HAL_GPIO_ReadPin
 .text.HAL_GPIO_WritePin
                0x0800a2a4       0x32 ./Drivers/STM32H7xx_HAL_Driver/Src/stm32h7xx_hal_gpio.o
                0x0800a2a4                HAL_GPIO_WritePin
 .text.HAL_GPIO_TogglePin
                0x0800a2d6       0x34 ./Drivers/STM32H7xx_HAL_Driver/Src/stm32h7xx_hal_gpio.o
                0x0800a2d6                HAL_GPIO_TogglePin
 *fill*         0x0800a30a        0x2 
 .text.HAL_I2C_Init
                0x0800a30c      0x138 ./Drivers/STM32H7xx_HAL_Driver/Src/stm32h7xx_hal_i2c.o
                0x0800a30c                HAL_I2C_Init
 .text.HAL_I2C_EV_IRQHandler
                0x0800a444       0x34 ./Drivers/STM32H7xx_HAL_Driver/Src/stm32h7xx_hal_i2c.o
                0x0800a444                HAL_I2C_EV_IRQHandler
 .text.HAL_I2C_ER_IRQHandler
                0x0800a478       0xc2 ./Drivers/STM32H7xx_HAL_Driver/Src/stm32h7xx_hal_i2c.o
                0x0800a478                HAL_I2C_ER_IRQHandler
 .text.HAL_I2C_SlaveTxCpltCallback
                0x0800a53a       0x14 ./Drivers/STM32H7xx_HAL_Driver/Src/stm32h7xx_hal_i2c.o
                0x0800a53a                HAL_I2C_SlaveTxCpltCallback
 .text.HAL_I2C_SlaveRxCpltCallback
                0x0800a54e       0x14 ./Drivers/STM32H7xx_HAL_Driver/Src/stm32h7xx_hal_i2c.o
                0x0800a54e                HAL_I2C_SlaveRxCpltCallback
 .text.HAL_I2C_AddrCallback
                0x0800a562       0x1c ./Drivers/STM32H7xx_HAL_Driver/Src/stm32h7xx_hal_i2c.o
                0x0800a562                HAL_I2C_AddrCallback
 .text.HAL_I2C_ListenCpltCallback
                0x0800a57e       0x14 ./Drivers/STM32H7xx_HAL_Driver/Src/stm32h7xx_hal_i2c.o
                0x0800a57e                HAL_I2C_ListenCpltCallback
 .text.HAL_I2C_ErrorCallback
                0x0800a592       0x14 ./Drivers/STM32H7xx_HAL_Driver/Src/stm32h7xx_hal_i2c.o
                0x0800a592                HAL_I2C_ErrorCallback
 .text.HAL_I2C_AbortCpltCallback
                0x0800a5a6       0x14 ./Drivers/STM32H7xx_HAL_Driver/Src/stm32h7xx_hal_i2c.o
                0x0800a5a6                HAL_I2C_AbortCpltCallback
 .text.I2C_Slave_ISR_IT
                0x0800a5ba      0x208 ./Drivers/STM32H7xx_HAL_Driver/Src/stm32h7xx_hal_i2c.o
 .text.I2C_ITAddrCplt
                0x0800a7c2      0x108 ./Drivers/STM32H7xx_HAL_Driver/Src/stm32h7xx_hal_i2c.o
 .text.I2C_ITSlaveSeqCplt
                0x0800a8ca       0xbc ./Drivers/STM32H7xx_HAL_Driver/Src/stm32h7xx_hal_i2c.o
 *fill*         0x0800a986        0x2 
 .text.I2C_ITSlaveCplt
                0x0800a988      0x4b4 ./Drivers/STM32H7xx_HAL_Driver/Src/stm32h7xx_hal_i2c.o
 .text.I2C_ITListenCplt
                0x0800ae3c       0xac ./Drivers/STM32H7xx_HAL_Driver/Src/stm32h7xx_hal_i2c.o
 .text.I2C_ITError
                0x0800aee8      0x1e0 ./Drivers/STM32H7xx_HAL_Driver/Src/stm32h7xx_hal_i2c.o
 .text.I2C_TreatErrorCallback
                0x0800b0c8       0x4e ./Drivers/STM32H7xx_HAL_Driver/Src/stm32h7xx_hal_i2c.o
 .text.I2C_Flush_TXDR
                0x0800b116       0x48 ./Drivers/STM32H7xx_HAL_Driver/Src/stm32h7xx_hal_i2c.o
 .text.I2C_DMAAbort
                0x0800b15e       0x3c ./Drivers/STM32H7xx_HAL_Driver/Src/stm32h7xx_hal_i2c.o
 .text.I2C_Disable_IRQ
                0x0800b19a       0xbc ./Drivers/STM32H7xx_HAL_Driver/Src/stm32h7xx_hal_i2c.o
 .text.HAL_I2CEx_ConfigAnalogFilter
                0x0800b256       0x96 ./Drivers/STM32H7xx_HAL_Driver/Src/stm32h7xx_hal_i2c_ex.o
                0x0800b256                HAL_I2CEx_ConfigAnalogFilter
 .text.HAL_I2CEx_ConfigDigitalFilter
                0x0800b2ec       0x98 ./Drivers/STM32H7xx_HAL_Driver/Src/stm32h7xx_hal_i2c_ex.o
                0x0800b2ec                HAL_I2CEx_ConfigDigitalFilter
 .text.HAL_PWREx_ConfigSupply
                0x0800b384       0x74 ./Drivers/STM32H7xx_HAL_Driver/Src/stm32h7xx_hal_pwr_ex.o
                0x0800b384                HAL_PWREx_ConfigSupply
 .text.HAL_RCC_OscConfig
                0x0800b3f8      0x8b4 ./Drivers/STM32H7xx_HAL_Driver/Src/stm32h7xx_hal_rcc.o
                0x0800b3f8                HAL_RCC_OscConfig
 .text.HAL_RCC_ClockConfig
                0x0800bcac      0x36c ./Drivers/STM32H7xx_HAL_Driver/Src/stm32h7xx_hal_rcc.o
                0x0800bcac                HAL_RCC_ClockConfig
 .text.HAL_RCC_GetSysClockFreq
                0x0800c018      0x2f4 ./Drivers/STM32H7xx_HAL_Driver/Src/stm32h7xx_hal_rcc.o
                0x0800c018                HAL_RCC_GetSysClockFreq
 .text.HAL_RCC_GetHCLKFreq
                0x0800c30c       0x60 ./Drivers/STM32H7xx_HAL_Driver/Src/stm32h7xx_hal_rcc.o
                0x0800c30c                HAL_RCC_GetHCLKFreq
 .text.HAL_RCC_GetPCLK1Freq
                0x0800c36c       0x2c ./Drivers/STM32H7xx_HAL_Driver/Src/stm32h7xx_hal_rcc.o
                0x0800c36c                HAL_RCC_GetPCLK1Freq
 .text.HAL_RCC_GetPCLK2Freq
                0x0800c398       0x2c ./Drivers/STM32H7xx_HAL_Driver/Src/stm32h7xx_hal_rcc.o
                0x0800c398                HAL_RCC_GetPCLK2Freq
 .text.HAL_RCC_GetClockConfig
                0x0800c3c4       0x84 ./Drivers/STM32H7xx_HAL_Driver/Src/stm32h7xx_hal_rcc.o
                0x0800c3c4                HAL_RCC_GetClockConfig
 .text.HAL_RCCEx_PeriphCLKConfig
                0x0800c448     0x1414 ./Drivers/STM32H7xx_HAL_Driver/Src/stm32h7xx_hal_rcc_ex.o
                0x0800c448                HAL_RCCEx_PeriphCLKConfig
 .text.HAL_RCCEx_GetD3PCLK1Freq
                0x0800d85c       0x2c ./Drivers/STM32H7xx_HAL_Driver/Src/stm32h7xx_hal_rcc_ex.o
                0x0800d85c                HAL_RCCEx_GetD3PCLK1Freq
 .text.HAL_RCCEx_GetPLL2ClockFreq
                0x0800d888      0x2a8 ./Drivers/STM32H7xx_HAL_Driver/Src/stm32h7xx_hal_rcc_ex.o
                0x0800d888                HAL_RCCEx_GetPLL2ClockFreq
 .text.HAL_RCCEx_GetPLL3ClockFreq
                0x0800db30      0x2a8 ./Drivers/STM32H7xx_HAL_Driver/Src/stm32h7xx_hal_rcc_ex.o
                0x0800db30                HAL_RCCEx_GetPLL3ClockFreq
 .text.RCCEx_PLL2_Config
                0x0800ddd8      0x164 ./Drivers/STM32H7xx_HAL_Driver/Src/stm32h7xx_hal_rcc_ex.o
 .text.RCCEx_PLL3_Config
                0x0800df3c      0x164 ./Drivers/STM32H7xx_HAL_Driver/Src/stm32h7xx_hal_rcc_ex.o
 .text.HAL_SPI_Init
                0x0800e0a0      0x248 ./Drivers/STM32H7xx_HAL_Driver/Src/stm32h7xx_hal_spi.o
                0x0800e0a0                HAL_SPI_Init
 .text.HAL_SPI_TransmitReceive
                0x0800e2e8      0x674 ./Drivers/STM32H7xx_HAL_Driver/Src/stm32h7xx_hal_spi.o
                0x0800e2e8                HAL_SPI_TransmitReceive
 .text.SPI_CloseTransfer
                0x0800e95c      0x140 ./Drivers/STM32H7xx_HAL_Driver/Src/stm32h7xx_hal_spi.o
 .text.SPI_WaitOnFlagUntilTimeout
                0x0800ea9c       0x5c ./Drivers/STM32H7xx_HAL_Driver/Src/stm32h7xx_hal_spi.o
 .text.SPI_GetPacketSize
                0x0800eaf8       0x36 ./Drivers/STM32H7xx_HAL_Driver/Src/stm32h7xx_hal_spi.o
 .text.HAL_TIM_Base_Init
                0x0800eb2e       0xae ./Drivers/STM32H7xx_HAL_Driver/Src/stm32h7xx_hal_tim.o
                0x0800eb2e                HAL_TIM_Base_Init
 .text.HAL_TIM_Base_Start_IT
                0x0800ebdc       0xf0 ./Drivers/STM32H7xx_HAL_Driver/Src/stm32h7xx_hal_tim.o
                0x0800ebdc                HAL_TIM_Base_Start_IT
 .text.HAL_TIM_PWM_Init
                0x0800eccc       0xae ./Drivers/STM32H7xx_HAL_Driver/Src/stm32h7xx_hal_tim.o
                0x0800eccc                HAL_TIM_PWM_Init
 .text.HAL_TIM_PWM_MspInit
                0x0800ed7a       0x14 ./Drivers/STM32H7xx_HAL_Driver/Src/stm32h7xx_hal_tim.o
                0x0800ed7a                HAL_TIM_PWM_MspInit
 *fill*         0x0800ed8e        0x2 
 .text.HAL_TIM_PWM_Start
                0x0800ed90      0x21c ./Drivers/STM32H7xx_HAL_Driver/Src/stm32h7xx_hal_tim.o
                0x0800ed90                HAL_TIM_PWM_Start
 .text.HAL_TIM_IRQHandler
                0x0800efac      0x20e ./Drivers/STM32H7xx_HAL_Driver/Src/stm32h7xx_hal_tim.o
                0x0800efac                HAL_TIM_IRQHandler
 *fill*         0x0800f1ba        0x2 
 .text.HAL_TIM_PWM_ConfigChannel
                0x0800f1bc      0x228 ./Drivers/STM32H7xx_HAL_Driver/Src/stm32h7xx_hal_tim.o
                0x0800f1bc                HAL_TIM_PWM_ConfigChannel
 .text.HAL_TIM_ConfigClockSource
                0x0800f3e4      0x1f0 ./Drivers/STM32H7xx_HAL_Driver/Src/stm32h7xx_hal_tim.o
                0x0800f3e4                HAL_TIM_ConfigClockSource
 .text.HAL_TIM_OC_DelayElapsedCallback
                0x0800f5d4       0x14 ./Drivers/STM32H7xx_HAL_Driver/Src/stm32h7xx_hal_tim.o
                0x0800f5d4                HAL_TIM_OC_DelayElapsedCallback
 .text.HAL_TIM_IC_CaptureCallback
                0x0800f5e8       0x14 ./Drivers/STM32H7xx_HAL_Driver/Src/stm32h7xx_hal_tim.o
                0x0800f5e8                HAL_TIM_IC_CaptureCallback
 .text.HAL_TIM_PWM_PulseFinishedCallback
                0x0800f5fc       0x14 ./Drivers/STM32H7xx_HAL_Driver/Src/stm32h7xx_hal_tim.o
                0x0800f5fc                HAL_TIM_PWM_PulseFinishedCallback
 .text.HAL_TIM_TriggerCallback
                0x0800f610       0x14 ./Drivers/STM32H7xx_HAL_Driver/Src/stm32h7xx_hal_tim.o
                0x0800f610                HAL_TIM_TriggerCallback
 .text.TIM_Base_SetConfig
                0x0800f624      0x140 ./Drivers/STM32H7xx_HAL_Driver/Src/stm32h7xx_hal_tim.o
                0x0800f624                TIM_Base_SetConfig
 .text.TIM_OC1_SetConfig
                0x0800f764      0x120 ./Drivers/STM32H7xx_HAL_Driver/Src/stm32h7xx_hal_tim.o
 .text.TIM_OC2_SetConfig
                0x0800f884      0x114 ./Drivers/STM32H7xx_HAL_Driver/Src/stm32h7xx_hal_tim.o
                0x0800f884                TIM_OC2_SetConfig
 .text.TIM_OC3_SetConfig
                0x0800f998      0x110 ./Drivers/STM32H7xx_HAL_Driver/Src/stm32h7xx_hal_tim.o
 .text.TIM_OC4_SetConfig
                0x0800faa8       0xd4 ./Drivers/STM32H7xx_HAL_Driver/Src/stm32h7xx_hal_tim.o
 .text.TIM_OC5_SetConfig
                0x0800fb7c       0xc8 ./Drivers/STM32H7xx_HAL_Driver/Src/stm32h7xx_hal_tim.o
 .text.TIM_OC6_SetConfig
                0x0800fc44       0xcc ./Drivers/STM32H7xx_HAL_Driver/Src/stm32h7xx_hal_tim.o
 .text.TIM_TI1_ConfigInputStage
                0x0800fd10       0x5e ./Drivers/STM32H7xx_HAL_Driver/Src/stm32h7xx_hal_tim.o
 .text.TIM_TI2_ConfigInputStage
                0x0800fd6e       0x60 ./Drivers/STM32H7xx_HAL_Driver/Src/stm32h7xx_hal_tim.o
 *fill*         0x0800fdce        0x2 
 .text.TIM_ITRx_SetConfig
                0x0800fdd0       0x3c ./Drivers/STM32H7xx_HAL_Driver/Src/stm32h7xx_hal_tim.o
 .text.TIM_ETR_SetConfig
                0x0800fe0c       0x40 ./Drivers/STM32H7xx_HAL_Driver/Src/stm32h7xx_hal_tim.o
                0x0800fe0c                TIM_ETR_SetConfig
 .text.TIM_CCxChannelCmd
                0x0800fe4c       0x4a ./Drivers/STM32H7xx_HAL_Driver/Src/stm32h7xx_hal_tim.o
                0x0800fe4c                TIM_CCxChannelCmd
 *fill*         0x0800fe96        0x2 
 .text.HAL_TIMEx_MasterConfigSynchronization
                0x0800fe98      0x11c ./Drivers/STM32H7xx_HAL_Driver/Src/stm32h7xx_hal_tim_ex.o
                0x0800fe98                HAL_TIMEx_MasterConfigSynchronization
 .text.HAL_TIMEx_CommutCallback
                0x0800ffb4       0x14 ./Drivers/STM32H7xx_HAL_Driver/Src/stm32h7xx_hal_tim_ex.o
                0x0800ffb4                HAL_TIMEx_CommutCallback
 .text.HAL_TIMEx_BreakCallback
                0x0800ffc8       0x14 ./Drivers/STM32H7xx_HAL_Driver/Src/stm32h7xx_hal_tim_ex.o
                0x0800ffc8                HAL_TIMEx_BreakCallback
 .text.HAL_TIMEx_Break2Callback
                0x0800ffdc       0x14 ./Drivers/STM32H7xx_HAL_Driver/Src/stm32h7xx_hal_tim_ex.o
                0x0800ffdc                HAL_TIMEx_Break2Callback
 .text.HAL_UART_Init
                0x0800fff0       0xa0 ./Drivers/STM32H7xx_HAL_Driver/Src/stm32h7xx_hal_uart.o
                0x0800fff0                HAL_UART_Init
 .text.HAL_UART_Transmit
                0x08010090      0x11c ./Drivers/STM32H7xx_HAL_Driver/Src/stm32h7xx_hal_uart.o
                0x08010090                HAL_UART_Transmit
 .text.HAL_UART_Receive
                0x080101ac      0x190 ./Drivers/STM32H7xx_HAL_Driver/Src/stm32h7xx_hal_uart.o
                0x080101ac                HAL_UART_Receive
 .text.HAL_UART_Receive_IT
                0x0801033c       0x98 ./Drivers/STM32H7xx_HAL_Driver/Src/stm32h7xx_hal_uart.o
                0x0801033c                HAL_UART_Receive_IT
 .text.HAL_UART_AbortReceive_IT
                0x080103d4      0x19c ./Drivers/STM32H7xx_HAL_Driver/Src/stm32h7xx_hal_uart.o
                0x080103d4                HAL_UART_AbortReceive_IT
 .text.HAL_UART_IRQHandler
                0x08010570      0x7ac ./Drivers/STM32H7xx_HAL_Driver/Src/stm32h7xx_hal_uart.o
                0x08010570                HAL_UART_IRQHandler
 .text.HAL_UART_TxCpltCallback
                0x08010d1c       0x14 ./Drivers/STM32H7xx_HAL_Driver/Src/stm32h7xx_hal_uart.o
                0x08010d1c                HAL_UART_TxCpltCallback
 .text.HAL_UART_RxHalfCpltCallback
                0x08010d30       0x14 ./Drivers/STM32H7xx_HAL_Driver/Src/stm32h7xx_hal_uart.o
                0x08010d30                HAL_UART_RxHalfCpltCallback
 .text.HAL_UART_GetError
                0x08010d44       0x1a ./Drivers/STM32H7xx_HAL_Driver/Src/stm32h7xx_hal_uart.o
                0x08010d44                HAL_UART_GetError
 *fill*         0x08010d5e        0x2 
 .text.UART_SetConfig
                0x08010d60      0xad0 ./Drivers/STM32H7xx_HAL_Driver/Src/stm32h7xx_hal_uart.o
                0x08010d60                UART_SetConfig
 .text.UART_AdvFeatureConfig
                0x08011830      0x144 ./Drivers/STM32H7xx_HAL_Driver/Src/stm32h7xx_hal_uart.o
                0x08011830                UART_AdvFeatureConfig
 .text.UART_CheckIdleState
                0x08011974      0x154 ./Drivers/STM32H7xx_HAL_Driver/Src/stm32h7xx_hal_uart.o
                0x08011974                UART_CheckIdleState
 .text.UART_WaitOnFlagUntilTimeout
                0x08011ac8       0xda ./Drivers/STM32H7xx_HAL_Driver/Src/stm32h7xx_hal_uart.o
                0x08011ac8                UART_WaitOnFlagUntilTimeout
 *fill*         0x08011ba2        0x2 
 .text.UART_Start_Receive_IT
                0x08011ba4      0x244 ./Drivers/STM32H7xx_HAL_Driver/Src/stm32h7xx_hal_uart.o
                0x08011ba4                UART_Start_Receive_IT
 .text.UART_Start_Receive_DMA
                0x08011de8      0x14c ./Drivers/STM32H7xx_HAL_Driver/Src/stm32h7xx_hal_uart.o
                0x08011de8                UART_Start_Receive_DMA
 .text.UART_EndTxTransfer
                0x08011f34       0x82 ./Drivers/STM32H7xx_HAL_Driver/Src/stm32h7xx_hal_uart.o
 *fill*         0x08011fb6        0x2 
 .text.UART_EndRxTransfer
                0x08011fb8       0xcc ./Drivers/STM32H7xx_HAL_Driver/Src/stm32h7xx_hal_uart.o
 .text.UART_DMAReceiveCplt
                0x08012084      0x128 ./Drivers/STM32H7xx_HAL_Driver/Src/stm32h7xx_hal_uart.o
 .text.UART_DMARxHalfCplt
                0x080121ac       0x3e ./Drivers/STM32H7xx_HAL_Driver/Src/stm32h7xx_hal_uart.o
 .text.UART_DMAError
                0x080121ea       0x80 ./Drivers/STM32H7xx_HAL_Driver/Src/stm32h7xx_hal_uart.o
 .text.UART_DMAAbortOnError
                0x0801226a       0x24 ./Drivers/STM32H7xx_HAL_Driver/Src/stm32h7xx_hal_uart.o
 .text.UART_DMARxOnlyAbortCallback
                0x0801228e       0x4a ./Drivers/STM32H7xx_HAL_Driver/Src/stm32h7xx_hal_uart.o
 .text.UART_EndTransmit_IT
                0x080122d8       0x56 ./Drivers/STM32H7xx_HAL_Driver/Src/stm32h7xx_hal_uart.o
 *fill*         0x0801232e        0x2 
 .text.UART_RxISR_8BIT
                0x08012330      0x1b8 ./Drivers/STM32H7xx_HAL_Driver/Src/stm32h7xx_hal_uart.o
 .text.UART_RxISR_16BIT
                0x080124e8      0x1b8 ./Drivers/STM32H7xx_HAL_Driver/Src/stm32h7xx_hal_uart.o
 .text.UART_RxISR_8BIT_FIFOEN
                0x080126a0      0x364 ./Drivers/STM32H7xx_HAL_Driver/Src/stm32h7xx_hal_uart.o
 .text.UART_RxISR_16BIT_FIFOEN
                0x08012a04      0x36c ./Drivers/STM32H7xx_HAL_Driver/Src/stm32h7xx_hal_uart.o
 .text.HAL_UARTEx_WakeupCallback
                0x08012d70       0x14 ./Drivers/STM32H7xx_HAL_Driver/Src/stm32h7xx_hal_uart_ex.o
                0x08012d70                HAL_UARTEx_WakeupCallback
 .text.HAL_UARTEx_RxFifoFullCallback
                0x08012d84       0x14 ./Drivers/STM32H7xx_HAL_Driver/Src/stm32h7xx_hal_uart_ex.o
                0x08012d84                HAL_UARTEx_RxFifoFullCallback
 .text.HAL_UARTEx_TxFifoEmptyCallback
                0x08012d98       0x14 ./Drivers/STM32H7xx_HAL_Driver/Src/stm32h7xx_hal_uart_ex.o
                0x08012d98                HAL_UARTEx_TxFifoEmptyCallback
 .text.HAL_UARTEx_DisableFifoMode
                0x08012dac       0x72 ./Drivers/STM32H7xx_HAL_Driver/Src/stm32h7xx_hal_uart_ex.o
                0x08012dac                HAL_UARTEx_DisableFifoMode
 .text.HAL_UARTEx_SetTxFifoThreshold
                0x08012e1e       0x7c ./Drivers/STM32H7xx_HAL_Driver/Src/stm32h7xx_hal_uart_ex.o
                0x08012e1e                HAL_UARTEx_SetTxFifoThreshold
 .text.HAL_UARTEx_SetRxFifoThreshold
                0x08012e9a       0x7c ./Drivers/STM32H7xx_HAL_Driver/Src/stm32h7xx_hal_uart_ex.o
                0x08012e9a                HAL_UARTEx_SetRxFifoThreshold
 .text.HAL_UARTEx_ReceiveToIdle_DMA
                0x08012f16       0xa8 ./Drivers/STM32H7xx_HAL_Driver/Src/stm32h7xx_hal_uart_ex.o
                0x08012f16                HAL_UARTEx_ReceiveToIdle_DMA
 *fill*         0x08012fbe        0x2 
 .text.UARTEx_SetNbDataToProcess
                0x08012fc0       0x9c ./Drivers/STM32H7xx_HAL_Driver/Src/stm32h7xx_hal_uart_ex.o
 .text.__NVIC_SetPriority
                0x0801305c       0x54 ./Middlewares/Third_Party/FreeRTOS/Source/CMSIS_RTOS_V2/cmsis_os2.o
 .text.SysTick_Handler
                0x080130b0       0x20 ./Middlewares/Third_Party/FreeRTOS/Source/CMSIS_RTOS_V2/cmsis_os2.o
                0x080130b0                SysTick_Handler
 .text.SVC_Setup
                0x080130d0       0x12 ./Middlewares/Third_Party/FreeRTOS/Source/CMSIS_RTOS_V2/cmsis_os2.o
 *fill*         0x080130e2        0x2 
 .text.osKernelInitialize
                0x080130e4       0x48 ./Middlewares/Third_Party/FreeRTOS/Source/CMSIS_RTOS_V2/cmsis_os2.o
                0x080130e4                osKernelInitialize
 .text.osKernelStart
                0x0801312c       0x4c ./Middlewares/Third_Party/FreeRTOS/Source/CMSIS_RTOS_V2/cmsis_os2.o
                0x0801312c                osKernelStart
 .text.osKernelGetTickCount
                0x08013178       0x2a ./Middlewares/Third_Party/FreeRTOS/Source/CMSIS_RTOS_V2/cmsis_os2.o
                0x08013178                osKernelGetTickCount
 .text.osThreadNew
                0x080131a2      0x124 ./Middlewares/Third_Party/FreeRTOS/Source/CMSIS_RTOS_V2/cmsis_os2.o
                0x080131a2                osThreadNew
 .text.osThreadSuspend
                0x080132c6       0x42 ./Middlewares/Third_Party/FreeRTOS/Source/CMSIS_RTOS_V2/cmsis_os2.o
                0x080132c6                osThreadSuspend
 .text.osDelay  0x08013308       0x36 ./Middlewares/Third_Party/FreeRTOS/Source/CMSIS_RTOS_V2/cmsis_os2.o
                0x08013308                osDelay
 .text.osMutexNew
                0x0801333e      0x10c ./Middlewares/Third_Party/FreeRTOS/Source/CMSIS_RTOS_V2/cmsis_os2.o
                0x0801333e                osMutexNew
 .text.osMutexAcquire
                0x0801344a       0x96 ./Middlewares/Third_Party/FreeRTOS/Source/CMSIS_RTOS_V2/cmsis_os2.o
                0x0801344a                osMutexAcquire
 .text.osMutexRelease
                0x080134e0       0x7a ./Middlewares/Third_Party/FreeRTOS/Source/CMSIS_RTOS_V2/cmsis_os2.o
                0x080134e0                osMutexRelease
 .text.osSemaphoreNew
                0x0801355a      0x112 ./Middlewares/Third_Party/FreeRTOS/Source/CMSIS_RTOS_V2/cmsis_os2.o
                0x0801355a                osSemaphoreNew
 .text.osSemaphoreAcquire
                0x0801366c       0xa4 ./Middlewares/Third_Party/FreeRTOS/Source/CMSIS_RTOS_V2/cmsis_os2.o
                0x0801366c                osSemaphoreAcquire
 .text.osSemaphoreRelease
                0x08013710       0x88 ./Middlewares/Third_Party/FreeRTOS/Source/CMSIS_RTOS_V2/cmsis_os2.o
                0x08013710                osSemaphoreRelease
 .text.vApplicationGetIdleTaskMemory
                0x08013798       0x34 ./Middlewares/Third_Party/FreeRTOS/Source/CMSIS_RTOS_V2/cmsis_os2.o
                0x08013798                vApplicationGetIdleTaskMemory
 .text.vApplicationGetTimerTaskMemory
                0x080137cc       0x34 ./Middlewares/Third_Party/FreeRTOS/Source/CMSIS_RTOS_V2/cmsis_os2.o
                0x080137cc                vApplicationGetTimerTaskMemory
 .text.vListInitialise
                0x08013800       0x40 ./Middlewares/Third_Party/FreeRTOS/Source/list.o
                0x08013800                vListInitialise
 .text.vListInitialiseItem
                0x08013840       0x1a ./Middlewares/Third_Party/FreeRTOS/Source/list.o
                0x08013840                vListInitialiseItem
 .text.vListInsertEnd
                0x0801385a       0x48 ./Middlewares/Third_Party/FreeRTOS/Source/list.o
                0x0801385a                vListInsertEnd
 .text.vListInsert
                0x080138a2       0x72 ./Middlewares/Third_Party/FreeRTOS/Source/list.o
                0x080138a2                vListInsert
 .text.uxListRemove
                0x08013914       0x54 ./Middlewares/Third_Party/FreeRTOS/Source/list.o
                0x08013914                uxListRemove
 .text.xQueueGenericReset
                0x08013968       0xd4 ./Middlewares/Third_Party/FreeRTOS/Source/queue.o
                0x08013968                xQueueGenericReset
 .text.xQueueGenericCreateStatic
                0x08013a3c       0xfa ./Middlewares/Third_Party/FreeRTOS/Source/queue.o
                0x08013a3c                xQueueGenericCreateStatic
 .text.xQueueGenericCreate
                0x08013b36       0x76 ./Middlewares/Third_Party/FreeRTOS/Source/queue.o
                0x08013b36                xQueueGenericCreate
 .text.prvInitialiseNewQueue
                0x08013bac       0x46 ./Middlewares/Third_Party/FreeRTOS/Source/queue.o
 .text.prvInitialiseMutex
                0x08013bf2       0x34 ./Middlewares/Third_Party/FreeRTOS/Source/queue.o
 .text.xQueueCreateMutex
                0x08013c26       0x30 ./Middlewares/Third_Party/FreeRTOS/Source/queue.o
                0x08013c26                xQueueCreateMutex
 .text.xQueueCreateMutexStatic
                0x08013c56       0x36 ./Middlewares/Third_Party/FreeRTOS/Source/queue.o
                0x08013c56                xQueueCreateMutexStatic
 .text.xQueueGiveMutexRecursive
                0x08013c8c       0x6a ./Middlewares/Third_Party/FreeRTOS/Source/queue.o
                0x08013c8c                xQueueGiveMutexRecursive
 .text.xQueueTakeMutexRecursive
                0x08013cf6       0x6e ./Middlewares/Third_Party/FreeRTOS/Source/queue.o
                0x08013cf6                xQueueTakeMutexRecursive
 .text.xQueueCreateCountingSemaphoreStatic
                0x08013d64       0x72 ./Middlewares/Third_Party/FreeRTOS/Source/queue.o
                0x08013d64                xQueueCreateCountingSemaphoreStatic
 .text.xQueueCreateCountingSemaphore
                0x08013dd6       0x6a ./Middlewares/Third_Party/FreeRTOS/Source/queue.o
                0x08013dd6                xQueueCreateCountingSemaphore
 .text.xQueueGenericSend
                0x08013e40      0x204 ./Middlewares/Third_Party/FreeRTOS/Source/queue.o
                0x08013e40                xQueueGenericSend
 .text.xQueueGenericSendFromISR
                0x08014044      0x13c ./Middlewares/Third_Party/FreeRTOS/Source/queue.o
                0x08014044                xQueueGenericSendFromISR
 .text.xQueueGiveFromISR
                0x08014180      0x120 ./Middlewares/Third_Party/FreeRTOS/Source/queue.o
                0x08014180                xQueueGiveFromISR
 .text.xQueueReceive
                0x080142a0      0x1c4 ./Middlewares/Third_Party/FreeRTOS/Source/queue.o
                0x080142a0                xQueueReceive
 .text.xQueueSemaphoreTake
                0x08014464      0x220 ./Middlewares/Third_Party/FreeRTOS/Source/queue.o
                0x08014464                xQueueSemaphoreTake
 .text.xQueueReceiveFromISR
                0x08014684      0x104 ./Middlewares/Third_Party/FreeRTOS/Source/queue.o
                0x08014684                xQueueReceiveFromISR
 .text.vQueueDelete
                0x08014788       0x48 ./Middlewares/Third_Party/FreeRTOS/Source/queue.o
                0x08014788                vQueueDelete
 .text.prvGetDisinheritPriorityAfterTimeout
                0x080147d0       0x30 ./Middlewares/Third_Party/FreeRTOS/Source/queue.o
 .text.prvCopyDataToQueue
                0x08014800       0xd4 ./Middlewares/Third_Party/FreeRTOS/Source/queue.o
 .text.prvCopyDataFromQueue
                0x080148d4       0x4c ./Middlewares/Third_Party/FreeRTOS/Source/queue.o
 .text.prvUnlockQueue
                0x08014920       0xa4 ./Middlewares/Third_Party/FreeRTOS/Source/queue.o
 .text.prvIsQueueEmpty
                0x080149c4       0x2c ./Middlewares/Third_Party/FreeRTOS/Source/queue.o
 .text.prvIsQueueFull
                0x080149f0       0x30 ./Middlewares/Third_Party/FreeRTOS/Source/queue.o
 .text.vQueueAddToRegistry
                0x08014a20       0x54 ./Middlewares/Third_Party/FreeRTOS/Source/queue.o
                0x08014a20                vQueueAddToRegistry
 .text.vQueueUnregisterQueue
                0x08014a74       0x54 ./Middlewares/Third_Party/FreeRTOS/Source/queue.o
                0x08014a74                vQueueUnregisterQueue
 .text.vQueueWaitForMessageRestricted
                0x08014ac8       0x68 ./Middlewares/Third_Party/FreeRTOS/Source/queue.o
                0x08014ac8                vQueueWaitForMessageRestricted
 .text.xTaskCreateStatic
                0x08014b30       0xc0 ./Middlewares/Third_Party/FreeRTOS/Source/tasks.o
                0x08014b30                xTaskCreateStatic
 .text.xTaskCreate
                0x08014bf0       0x8a ./Middlewares/Third_Party/FreeRTOS/Source/tasks.o
                0x08014bf0                xTaskCreate
 *fill*         0x08014c7a        0x2 
 .text.prvInitialiseNewTask
                0x08014c7c      0x150 ./Middlewares/Third_Party/FreeRTOS/Source/tasks.o
 .text.prvAddNewTaskToReadyList
                0x08014dcc       0xe0 ./Middlewares/Third_Party/FreeRTOS/Source/tasks.o
 .text.vTaskDelayUntil
                0x08014eac      0x100 ./Middlewares/Third_Party/FreeRTOS/Source/tasks.o
                0x08014eac                vTaskDelayUntil
 .text.vTaskDelay
                0x08014fac       0x6c ./Middlewares/Third_Party/FreeRTOS/Source/tasks.o
                0x08014fac                vTaskDelay
 .text.vTaskSuspend
                0x08015018       0xec ./Middlewares/Third_Party/FreeRTOS/Source/tasks.o
                0x08015018                vTaskSuspend
 .text.prvTaskIsTaskSuspended
                0x08015104       0x64 ./Middlewares/Third_Party/FreeRTOS/Source/tasks.o
 .text.xTaskResumeFromISR
                0x08015168       0xe8 ./Middlewares/Third_Party/FreeRTOS/Source/tasks.o
                0x08015168                xTaskResumeFromISR
 .text.vTaskStartScheduler
                0x08015250       0xe0 ./Middlewares/Third_Party/FreeRTOS/Source/tasks.o
                0x08015250                vTaskStartScheduler
 .text.vTaskSuspendAll
                0x08015330       0x1c ./Middlewares/Third_Party/FreeRTOS/Source/tasks.o
                0x08015330                vTaskSuspendAll
 .text.xTaskResumeAll
                0x0801534c      0x13c ./Middlewares/Third_Party/FreeRTOS/Source/tasks.o
                0x0801534c                xTaskResumeAll
 .text.xTaskGetTickCount
                0x08015488       0x20 ./Middlewares/Third_Party/FreeRTOS/Source/tasks.o
                0x08015488                xTaskGetTickCount
 .text.xTaskGetTickCountFromISR
                0x080154a8       0x24 ./Middlewares/Third_Party/FreeRTOS/Source/tasks.o
                0x080154a8                xTaskGetTickCountFromISR
 .text.xTaskIncrementTick
                0x080154cc      0x174 ./Middlewares/Third_Party/FreeRTOS/Source/tasks.o
                0x080154cc                xTaskIncrementTick
 .text.vTaskSwitchContext
                0x08015640       0xcc ./Middlewares/Third_Party/FreeRTOS/Source/tasks.o
                0x08015640                vTaskSwitchContext
 .text.vTaskPlaceOnEventList
                0x0801570c       0x4c ./Middlewares/Third_Party/FreeRTOS/Source/tasks.o
                0x0801570c                vTaskPlaceOnEventList
 .text.vTaskPlaceOnEventListRestricted
                0x08015758       0x58 ./Middlewares/Third_Party/FreeRTOS/Source/tasks.o
                0x08015758                vTaskPlaceOnEventListRestricted
 .text.xTaskRemoveFromEventList
                0x080157b0       0xc8 ./Middlewares/Third_Party/FreeRTOS/Source/tasks.o
                0x080157b0                xTaskRemoveFromEventList
 .text.vTaskInternalSetTimeOutState
                0x08015878       0x2c ./Middlewares/Third_Party/FreeRTOS/Source/tasks.o
                0x08015878                vTaskInternalSetTimeOutState
 .text.xTaskCheckForTimeOut
                0x080158a4       0xc8 ./Middlewares/Third_Party/FreeRTOS/Source/tasks.o
                0x080158a4                xTaskCheckForTimeOut
 .text.vTaskMissedYield
                0x0801596c       0x18 ./Middlewares/Third_Party/FreeRTOS/Source/tasks.o
                0x0801596c                vTaskMissedYield
 .text.prvIdleTask
                0x08015984       0x30 ./Middlewares/Third_Party/FreeRTOS/Source/tasks.o
 .text.prvInitialiseTaskLists
                0x080159b4       0x80 ./Middlewares/Third_Party/FreeRTOS/Source/tasks.o
 .text.prvCheckTasksWaitingTermination
                0x08015a34       0x5c ./Middlewares/Third_Party/FreeRTOS/Source/tasks.o
 .text.prvDeleteTCB
                0x08015a90       0x6a ./Middlewares/Third_Party/FreeRTOS/Source/tasks.o
 *fill*         0x08015afa        0x2 
 .text.prvResetNextTaskUnblockTime
                0x08015afc       0x40 ./Middlewares/Third_Party/FreeRTOS/Source/tasks.o
 .text.xTaskGetCurrentTaskHandle
                0x08015b3c       0x20 ./Middlewares/Third_Party/FreeRTOS/Source/tasks.o
                0x08015b3c                xTaskGetCurrentTaskHandle
 .text.xTaskGetSchedulerState
                0x08015b5c       0x3c ./Middlewares/Third_Party/FreeRTOS/Source/tasks.o
                0x08015b5c                xTaskGetSchedulerState
 .text.xTaskPriorityInherit
                0x08015b98       0xd0 ./Middlewares/Third_Party/FreeRTOS/Source/tasks.o
                0x08015b98                xTaskPriorityInherit
 .text.xTaskPriorityDisinherit
                0x08015c68       0xe0 ./Middlewares/Third_Party/FreeRTOS/Source/tasks.o
                0x08015c68                xTaskPriorityDisinherit
 .text.vTaskPriorityDisinheritAfterTimeout
                0x08015d48      0x108 ./Middlewares/Third_Party/FreeRTOS/Source/tasks.o
                0x08015d48                vTaskPriorityDisinheritAfterTimeout
 .text.pvTaskIncrementMutexHeldCount
                0x08015e50       0x28 ./Middlewares/Third_Party/FreeRTOS/Source/tasks.o
                0x08015e50                pvTaskIncrementMutexHeldCount
 .text.prvAddCurrentTaskToDelayedList
                0x08015e78       0xa8 ./Middlewares/Third_Party/FreeRTOS/Source/tasks.o
 .text.xTimerCreateTimerTask
                0x08015f20       0x94 ./Middlewares/Third_Party/FreeRTOS/Source/timers.o
                0x08015f20                xTimerCreateTimerTask
 .text.xTimerGenericCommand
                0x08015fb4       0x9c ./Middlewares/Third_Party/FreeRTOS/Source/timers.o
                0x08015fb4                xTimerGenericCommand
 .text.prvProcessExpiredTimer
                0x08016050       0x9c ./Middlewares/Third_Party/FreeRTOS/Source/timers.o
 .text.prvTimerTask
                0x080160ec       0x26 ./Middlewares/Third_Party/FreeRTOS/Source/timers.o
 *fill*         0x08016112        0x2 
 .text.prvProcessTimerOrBlockTask
                0x08016114       0x9c ./Middlewares/Third_Party/FreeRTOS/Source/timers.o
 .text.prvGetNextExpireTime
                0x080161b0       0x48 ./Middlewares/Third_Party/FreeRTOS/Source/timers.o
 .text.prvSampleTimeNow
                0x080161f8       0x40 ./Middlewares/Third_Party/FreeRTOS/Source/timers.o
 .text.prvInsertTimerInActiveList
                0x08016238       0x84 ./Middlewares/Third_Party/FreeRTOS/Source/timers.o
 .text.prvProcessReceivedCommands
                0x080162bc      0x1cc ./Middlewares/Third_Party/FreeRTOS/Source/timers.o
 .text.prvSwitchTimerLists
                0x08016488       0xcc ./Middlewares/Third_Party/FreeRTOS/Source/timers.o
 .text.prvCheckForValidListAndQueue
                0x08016554       0x80 ./Middlewares/Third_Party/FreeRTOS/Source/timers.o
 .text.pxPortInitialiseStack
                0x080165d4       0x68 ./Middlewares/Third_Party/FreeRTOS/Source/portable/GCC/ARM_CM4F/port.o
                0x080165d4                pxPortInitialiseStack
 .text.prvTaskExitError
                0x0801663c       0x5c ./Middlewares/Third_Party/FreeRTOS/Source/portable/GCC/ARM_CM4F/port.o
 *fill*         0x08016698        0x8 
 .text.SVC_Handler
                0x080166a0       0x28 ./Middlewares/Third_Party/FreeRTOS/Source/portable/GCC/ARM_CM4F/port.o
                0x080166a0                SVC_Handler
 .text.prvPortStartFirstTask
                0x080166c8       0x28 ./Middlewares/Third_Party/FreeRTOS/Source/portable/GCC/ARM_CM4F/port.o
 .text.xPortStartScheduler
                0x080166f0      0x148 ./Middlewares/Third_Party/FreeRTOS/Source/portable/GCC/ARM_CM4F/port.o
                0x080166f0                xPortStartScheduler
 .text.vPortEnterCritical
                0x08016838       0x64 ./Middlewares/Third_Party/FreeRTOS/Source/portable/GCC/ARM_CM4F/port.o
                0x08016838                vPortEnterCritical
 .text.vPortExitCritical
                0x0801689c       0x54 ./Middlewares/Third_Party/FreeRTOS/Source/portable/GCC/ARM_CM4F/port.o
                0x0801689c                vPortExitCritical
 .text.PendSV_Handler
                0x080168f0       0x68 ./Middlewares/Third_Party/FreeRTOS/Source/portable/GCC/ARM_CM4F/port.o
                0x080168f0                PendSV_Handler
 .text.xPortSysTickHandler
                0x08016958       0x44 ./Middlewares/Third_Party/FreeRTOS/Source/portable/GCC/ARM_CM4F/port.o
                0x08016958                xPortSysTickHandler
 .text.vPortSetupTimerInterrupt
                0x0801699c       0x48 ./Middlewares/Third_Party/FreeRTOS/Source/portable/GCC/ARM_CM4F/port.o
                0x0801699c                vPortSetupTimerInterrupt
 .text.vPortEnableVFP
                0x080169e4       0x14 ./Middlewares/Third_Party/FreeRTOS/Source/portable/GCC/ARM_CM4F/port.o
 .text.vPortValidateInterruptPriority
                0x080169f8       0x84 ./Middlewares/Third_Party/FreeRTOS/Source/portable/GCC/ARM_CM4F/port.o
                0x080169f8                vPortValidateInterruptPriority
 .text.pvPortMalloc
                0x08016a7c      0x19c ./Middlewares/Third_Party/FreeRTOS/Source/portable/MemMang/heap_4.o
                0x08016a7c                pvPortMalloc
 .text.vPortFree
                0x08016c18       0xc8 ./Middlewares/Third_Party/FreeRTOS/Source/portable/MemMang/heap_4.o
                0x08016c18                vPortFree
 .text.xPortGetFreeHeapSize
                0x08016ce0       0x18 ./Middlewares/Third_Party/FreeRTOS/Source/portable/MemMang/heap_4.o
                0x08016ce0                xPortGetFreeHeapSize
 .text.prvHeapInit
                0x08016cf8       0xc4 ./Middlewares/Third_Party/FreeRTOS/Source/portable/MemMang/heap_4.o
 .text.prvInsertBlockIntoFreeList
                0x08016dbc       0xb4 ./Middlewares/Third_Party/FreeRTOS/Source/portable/MemMang/heap_4.o
 .text.__cvt    0x08016e70       0xa8 C:/ST/STM32CubeIDE_1.17.0/STM32CubeIDE/plugins/com.st.stm32cube.ide.mcu.externaltools.gnu-tools-for-stm32.13.3.rel1.win32_1.0.0.202411081344/tools/bin/../lib/gcc/arm-none-eabi/13.3.1/../../../../arm-none-eabi/lib/thumb/v7e-m+dp/hard\libc_nano.a(libc_a-nano-vfprintf_float.o)
                0x08016e70                __cvt
 .text.__exponent
                0x08016f18       0x74 C:/ST/STM32CubeIDE_1.17.0/STM32CubeIDE/plugins/com.st.stm32cube.ide.mcu.externaltools.gnu-tools-for-stm32.13.3.rel1.win32_1.0.0.202411081344/tools/bin/../lib/gcc/arm-none-eabi/13.3.1/../../../../arm-none-eabi/lib/thumb/v7e-m+dp/hard\libc_nano.a(libc_a-nano-vfprintf_float.o)
                0x08016f18                __exponent
 *fill*         0x08016f8c        0x4 
 .text._printf_float
                0x08016f90      0x434 C:/ST/STM32CubeIDE_1.17.0/STM32CubeIDE/plugins/com.st.stm32cube.ide.mcu.externaltools.gnu-tools-for-stm32.13.3.rel1.win32_1.0.0.202411081344/tools/bin/../lib/gcc/arm-none-eabi/13.3.1/../../../../arm-none-eabi/lib/thumb/v7e-m+dp/hard\libc_nano.a(libc_a-nano-vfprintf_float.o)
                0x08016f90                _printf_float
 .text._printf_common
                0x080173c4       0xda C:/ST/STM32CubeIDE_1.17.0/STM32CubeIDE/plugins/com.st.stm32cube.ide.mcu.externaltools.gnu-tools-for-stm32.13.3.rel1.win32_1.0.0.202411081344/tools/bin/../lib/gcc/arm-none-eabi/13.3.1/../../../../arm-none-eabi/lib/thumb/v7e-m+dp/hard\libc_nano.a(libc_a-nano-vfprintf_i.o)
                0x080173c4                _printf_common
 *fill*         0x0801749e        0x2 
 .text._printf_i
                0x080174a0      0x23c C:/ST/STM32CubeIDE_1.17.0/STM32CubeIDE/plugins/com.st.stm32cube.ide.mcu.externaltools.gnu-tools-for-stm32.13.3.rel1.win32_1.0.0.202411081344/tools/bin/../lib/gcc/arm-none-eabi/13.3.1/../../../../arm-none-eabi/lib/thumb/v7e-m+dp/hard\libc_nano.a(libc_a-nano-vfprintf_i.o)
                0x080174a0                _printf_i
 .text.std      0x080176dc       0x6c C:/ST/STM32CubeIDE_1.17.0/STM32CubeIDE/plugins/com.st.stm32cube.ide.mcu.externaltools.gnu-tools-for-stm32.13.3.rel1.win32_1.0.0.202411081344/tools/bin/../lib/gcc/arm-none-eabi/13.3.1/../../../../arm-none-eabi/lib/thumb/v7e-m+dp/hard\libc_nano.a(libc_a-findfp.o)
 .text.stdio_exit_handler
                0x08017748       0x18 C:/ST/STM32CubeIDE_1.17.0/STM32CubeIDE/plugins/com.st.stm32cube.ide.mcu.externaltools.gnu-tools-for-stm32.13.3.rel1.win32_1.0.0.202411081344/tools/bin/../lib/gcc/arm-none-eabi/13.3.1/../../../../arm-none-eabi/lib/thumb/v7e-m+dp/hard\libc_nano.a(libc_a-findfp.o)
 .text.cleanup_stdio
                0x08017760       0x40 C:/ST/STM32CubeIDE_1.17.0/STM32CubeIDE/plugins/com.st.stm32cube.ide.mcu.externaltools.gnu-tools-for-stm32.13.3.rel1.win32_1.0.0.202411081344/tools/bin/../lib/gcc/arm-none-eabi/13.3.1/../../../../arm-none-eabi/lib/thumb/v7e-m+dp/hard\libc_nano.a(libc_a-findfp.o)
 .text.global_stdio_init.part.0
                0x080177a0       0x3c C:/ST/STM32CubeIDE_1.17.0/STM32CubeIDE/plugins/com.st.stm32cube.ide.mcu.externaltools.gnu-tools-for-stm32.13.3.rel1.win32_1.0.0.202411081344/tools/bin/../lib/gcc/arm-none-eabi/13.3.1/../../../../arm-none-eabi/lib/thumb/v7e-m+dp/hard\libc_nano.a(libc_a-findfp.o)
 .text.__sfp_lock_acquire
                0x080177dc        0xc C:/ST/STM32CubeIDE_1.17.0/STM32CubeIDE/plugins/com.st.stm32cube.ide.mcu.externaltools.gnu-tools-for-stm32.13.3.rel1.win32_1.0.0.202411081344/tools/bin/../lib/gcc/arm-none-eabi/13.3.1/../../../../arm-none-eabi/lib/thumb/v7e-m+dp/hard\libc_nano.a(libc_a-findfp.o)
                0x080177dc                __sfp_lock_acquire
 .text.__sfp_lock_release
                0x080177e8        0xc C:/ST/STM32CubeIDE_1.17.0/STM32CubeIDE/plugins/com.st.stm32cube.ide.mcu.externaltools.gnu-tools-for-stm32.13.3.rel1.win32_1.0.0.202411081344/tools/bin/../lib/gcc/arm-none-eabi/13.3.1/../../../../arm-none-eabi/lib/thumb/v7e-m+dp/hard\libc_nano.a(libc_a-findfp.o)
                0x080177e8                __sfp_lock_release
 .text.__sinit  0x080177f4       0x30 C:/ST/STM32CubeIDE_1.17.0/STM32CubeIDE/plugins/com.st.stm32cube.ide.mcu.externaltools.gnu-tools-for-stm32.13.3.rel1.win32_1.0.0.202411081344/tools/bin/../lib/gcc/arm-none-eabi/13.3.1/../../../../arm-none-eabi/lib/thumb/v7e-m+dp/hard\libc_nano.a(libc_a-findfp.o)
                0x080177f4                __sinit
 .text._fwalk_sglue
                0x08017824       0x3c C:/ST/STM32CubeIDE_1.17.0/STM32CubeIDE/plugins/com.st.stm32cube.ide.mcu.externaltools.gnu-tools-for-stm32.13.3.rel1.win32_1.0.0.202411081344/tools/bin/../lib/gcc/arm-none-eabi/13.3.1/../../../../arm-none-eabi/lib/thumb/v7e-m+dp/hard\libc_nano.a(libc_a-fwalk.o)
                0x08017824                _fwalk_sglue
 .text.printf   0x08017860       0x24 C:/ST/STM32CubeIDE_1.17.0/STM32CubeIDE/plugins/com.st.stm32cube.ide.mcu.externaltools.gnu-tools-for-stm32.13.3.rel1.win32_1.0.0.202411081344/tools/bin/../lib/gcc/arm-none-eabi/13.3.1/../../../../arm-none-eabi/lib/thumb/v7e-m+dp/hard\libc_nano.a(libc_a-printf.o)
                0x08017860                iprintf
                0x08017860                printf
 .text._puts_r  0x08017884       0xaa C:/ST/STM32CubeIDE_1.17.0/STM32CubeIDE/plugins/com.st.stm32cube.ide.mcu.externaltools.gnu-tools-for-stm32.13.3.rel1.win32_1.0.0.202411081344/tools/bin/../lib/gcc/arm-none-eabi/13.3.1/../../../../arm-none-eabi/lib/thumb/v7e-m+dp/hard\libc_nano.a(libc_a-puts.o)
                0x08017884                _puts_r
 *fill*         0x0801792e        0x2 
 .text.puts     0x08017930       0x10 C:/ST/STM32CubeIDE_1.17.0/STM32CubeIDE/plugins/com.st.stm32cube.ide.mcu.externaltools.gnu-tools-for-stm32.13.3.rel1.win32_1.0.0.202411081344/tools/bin/../lib/gcc/arm-none-eabi/13.3.1/../../../../arm-none-eabi/lib/thumb/v7e-m+dp/hard\libc_nano.a(libc_a-puts.o)
                0x08017930                puts
 .text.__sread  0x08017940       0x22 C:/ST/STM32CubeIDE_1.17.0/STM32CubeIDE/plugins/com.st.stm32cube.ide.mcu.externaltools.gnu-tools-for-stm32.13.3.rel1.win32_1.0.0.202411081344/tools/bin/../lib/gcc/arm-none-eabi/13.3.1/../../../../arm-none-eabi/lib/thumb/v7e-m+dp/hard\libc_nano.a(libc_a-stdio.o)
                0x08017940                __sread
 .text.__swrite
                0x08017962       0x38 C:/ST/STM32CubeIDE_1.17.0/STM32CubeIDE/plugins/com.st.stm32cube.ide.mcu.externaltools.gnu-tools-for-stm32.13.3.rel1.win32_1.0.0.202411081344/tools/bin/../lib/gcc/arm-none-eabi/13.3.1/../../../../arm-none-eabi/lib/thumb/v7e-m+dp/hard\libc_nano.a(libc_a-stdio.o)
                0x08017962                __swrite
 .text.__sseek  0x0801799a       0x24 C:/ST/STM32CubeIDE_1.17.0/STM32CubeIDE/plugins/com.st.stm32cube.ide.mcu.externaltools.gnu-tools-for-stm32.13.3.rel1.win32_1.0.0.202411081344/tools/bin/../lib/gcc/arm-none-eabi/13.3.1/../../../../arm-none-eabi/lib/thumb/v7e-m+dp/hard\libc_nano.a(libc_a-stdio.o)
                0x0801799a                __sseek
 .text.__sclose
                0x080179be        0x8 C:/ST/STM32CubeIDE_1.17.0/STM32CubeIDE/plugins/com.st.stm32cube.ide.mcu.externaltools.gnu-tools-for-stm32.13.3.rel1.win32_1.0.0.202411081344/tools/bin/../lib/gcc/arm-none-eabi/13.3.1/../../../../arm-none-eabi/lib/thumb/v7e-m+dp/hard\libc_nano.a(libc_a-stdio.o)
                0x080179be                __sclose
 .text.__swbuf_r
                0x080179c6       0x7c C:/ST/STM32CubeIDE_1.17.0/STM32CubeIDE/plugins/com.st.stm32cube.ide.mcu.externaltools.gnu-tools-for-stm32.13.3.rel1.win32_1.0.0.202411081344/tools/bin/../lib/gcc/arm-none-eabi/13.3.1/../../../../arm-none-eabi/lib/thumb/v7e-m+dp/hard\libc_nano.a(libc_a-wbuf.o)
                0x080179c6                __swbuf_r
 *fill*         0x08017a42        0x2 
 .text.__swsetup_r
                0x08017a44       0xac C:/ST/STM32CubeIDE_1.17.0/STM32CubeIDE/plugins/com.st.stm32cube.ide.mcu.externaltools.gnu-tools-for-stm32.13.3.rel1.win32_1.0.0.202411081344/tools/bin/../lib/gcc/arm-none-eabi/13.3.1/../../../../arm-none-eabi/lib/thumb/v7e-m+dp/hard\libc_nano.a(libc_a-wsetup.o)
                0x08017a44                __swsetup_r
 .text.memset   0x08017af0       0x10 C:/ST/STM32CubeIDE_1.17.0/STM32CubeIDE/plugins/com.st.stm32cube.ide.mcu.externaltools.gnu-tools-for-stm32.13.3.rel1.win32_1.0.0.202411081344/tools/bin/../lib/gcc/arm-none-eabi/13.3.1/../../../../arm-none-eabi/lib/thumb/v7e-m+dp/hard\libc_nano.a(libc_a-memset.o)
                0x08017af0                memset
 .text._localeconv_r
                0x08017b00        0x8 C:/ST/STM32CubeIDE_1.17.0/STM32CubeIDE/plugins/com.st.stm32cube.ide.mcu.externaltools.gnu-tools-for-stm32.13.3.rel1.win32_1.0.0.202411081344/tools/bin/../lib/gcc/arm-none-eabi/13.3.1/../../../../arm-none-eabi/lib/thumb/v7e-m+dp/hard\libc_nano.a(libc_a-localeconv.o)
                0x08017b00                _localeconv_r
 .text._close_r
                0x08017b08       0x20 C:/ST/STM32CubeIDE_1.17.0/STM32CubeIDE/plugins/com.st.stm32cube.ide.mcu.externaltools.gnu-tools-for-stm32.13.3.rel1.win32_1.0.0.202411081344/tools/bin/../lib/gcc/arm-none-eabi/13.3.1/../../../../arm-none-eabi/lib/thumb/v7e-m+dp/hard\libc_nano.a(libc_a-closer.o)
                0x08017b08                _close_r
 .text._reclaim_reent
                0x08017b28       0xbc C:/ST/STM32CubeIDE_1.17.0/STM32CubeIDE/plugins/com.st.stm32cube.ide.mcu.externaltools.gnu-tools-for-stm32.13.3.rel1.win32_1.0.0.202411081344/tools/bin/../lib/gcc/arm-none-eabi/13.3.1/../../../../arm-none-eabi/lib/thumb/v7e-m+dp/hard\libc_nano.a(libc_a-reent.o)
                0x08017b28                _reclaim_reent
 .text._lseek_r
                0x08017be4       0x24 C:/ST/STM32CubeIDE_1.17.0/STM32CubeIDE/plugins/com.st.stm32cube.ide.mcu.externaltools.gnu-tools-for-stm32.13.3.rel1.win32_1.0.0.202411081344/tools/bin/../lib/gcc/arm-none-eabi/13.3.1/../../../../arm-none-eabi/lib/thumb/v7e-m+dp/hard\libc_nano.a(libc_a-lseekr.o)
                0x08017be4                _lseek_r
 .text._read_r  0x08017c08       0x24 C:/ST/STM32CubeIDE_1.17.0/STM32CubeIDE/plugins/com.st.stm32cube.ide.mcu.externaltools.gnu-tools-for-stm32.13.3.rel1.win32_1.0.0.202411081344/tools/bin/../lib/gcc/arm-none-eabi/13.3.1/../../../../arm-none-eabi/lib/thumb/v7e-m+dp/hard\libc_nano.a(libc_a-readr.o)
                0x08017c08                _read_r
 .text._write_r
                0x08017c2c       0x24 C:/ST/STM32CubeIDE_1.17.0/STM32CubeIDE/plugins/com.st.stm32cube.ide.mcu.externaltools.gnu-tools-for-stm32.13.3.rel1.win32_1.0.0.202411081344/tools/bin/../lib/gcc/arm-none-eabi/13.3.1/../../../../arm-none-eabi/lib/thumb/v7e-m+dp/hard\libc_nano.a(libc_a-writer.o)
                0x08017c2c                _write_r
 .text.__errno  0x08017c50        0xc C:/ST/STM32CubeIDE_1.17.0/STM32CubeIDE/plugins/com.st.stm32cube.ide.mcu.externaltools.gnu-tools-for-stm32.13.3.rel1.win32_1.0.0.202411081344/tools/bin/../lib/gcc/arm-none-eabi/13.3.1/../../../../arm-none-eabi/lib/thumb/v7e-m+dp/hard\libc_nano.a(libc_a-errno.o)
                0x08017c50                __errno
 .text.__libc_init_array
                0x08017c5c       0x48 C:/ST/STM32CubeIDE_1.17.0/STM32CubeIDE/plugins/com.st.stm32cube.ide.mcu.externaltools.gnu-tools-for-stm32.13.3.rel1.win32_1.0.0.202411081344/tools/bin/../lib/gcc/arm-none-eabi/13.3.1/../../../../arm-none-eabi/lib/thumb/v7e-m+dp/hard\libc_nano.a(libc_a-init.o)
                0x08017c5c                __libc_init_array
 .text.__retarget_lock_init_recursive
                0x08017ca4        0x2 C:/ST/STM32CubeIDE_1.17.0/STM32CubeIDE/plugins/com.st.stm32cube.ide.mcu.externaltools.gnu-tools-for-stm32.13.3.rel1.win32_1.0.0.202411081344/tools/bin/../lib/gcc/arm-none-eabi/13.3.1/../../../../arm-none-eabi/lib/thumb/v7e-m+dp/hard\libc_nano.a(libc_a-lock.o)
                0x08017ca4                __retarget_lock_init_recursive
 .text.__retarget_lock_acquire_recursive
                0x08017ca6        0x2 C:/ST/STM32CubeIDE_1.17.0/STM32CubeIDE/plugins/com.st.stm32cube.ide.mcu.externaltools.gnu-tools-for-stm32.13.3.rel1.win32_1.0.0.202411081344/tools/bin/../lib/gcc/arm-none-eabi/13.3.1/../../../../arm-none-eabi/lib/thumb/v7e-m+dp/hard\libc_nano.a(libc_a-lock.o)
                0x08017ca6                __retarget_lock_acquire_recursive
 .text.__retarget_lock_release_recursive
                0x08017ca8        0x2 C:/ST/STM32CubeIDE_1.17.0/STM32CubeIDE/plugins/com.st.stm32cube.ide.mcu.externaltools.gnu-tools-for-stm32.13.3.rel1.win32_1.0.0.202411081344/tools/bin/../lib/gcc/arm-none-eabi/13.3.1/../../../../arm-none-eabi/lib/thumb/v7e-m+dp/hard\libc_nano.a(libc_a-lock.o)
                0x08017ca8                __retarget_lock_release_recursive
 .text.memcpy   0x08017caa       0x1c C:/ST/STM32CubeIDE_1.17.0/STM32CubeIDE/plugins/com.st.stm32cube.ide.mcu.externaltools.gnu-tools-for-stm32.13.3.rel1.win32_1.0.0.202411081344/tools/bin/../lib/gcc/arm-none-eabi/13.3.1/../../../../arm-none-eabi/lib/thumb/v7e-m+dp/hard\libc_nano.a(libc_a-memcpy-stub.o)
                0x08017caa                memcpy
 .text.copysignf
                0x08017cc6       0x16 C:/ST/STM32CubeIDE_1.17.0/STM32CubeIDE/plugins/com.st.stm32cube.ide.mcu.externaltools.gnu-tools-for-stm32.13.3.rel1.win32_1.0.0.202411081344/tools/bin/../lib/gcc/arm-none-eabi/13.3.1/../../../../arm-none-eabi/lib/thumb/v7e-m+dp/hard\libc_nano.a(libm_a-sf_copysign.o)
                0x08017cc6                copysignf
 .text.quorem   0x08017cdc      0x110 C:/ST/STM32CubeIDE_1.17.0/STM32CubeIDE/plugins/com.st.stm32cube.ide.mcu.externaltools.gnu-tools-for-stm32.13.3.rel1.win32_1.0.0.202411081344/tools/bin/../lib/gcc/arm-none-eabi/13.3.1/../../../../arm-none-eabi/lib/thumb/v7e-m+dp/hard\libc_nano.a(libc_a-dtoa.o)
 *fill*         0x08017dec        0x4 
 .text._dtoa_r  0x08017df0      0xabc C:/ST/STM32CubeIDE_1.17.0/STM32CubeIDE/plugins/com.st.stm32cube.ide.mcu.externaltools.gnu-tools-for-stm32.13.3.rel1.win32_1.0.0.202411081344/tools/bin/../lib/gcc/arm-none-eabi/13.3.1/../../../../arm-none-eabi/lib/thumb/v7e-m+dp/hard\libc_nano.a(libc_a-dtoa.o)
                0x08017df0                _dtoa_r
 .text._free_r  0x080188ac       0x94 C:/ST/STM32CubeIDE_1.17.0/STM32CubeIDE/plugins/com.st.stm32cube.ide.mcu.externaltools.gnu-tools-for-stm32.13.3.rel1.win32_1.0.0.202411081344/tools/bin/../lib/gcc/arm-none-eabi/13.3.1/../../../../arm-none-eabi/lib/thumb/v7e-m+dp/hard\libc_nano.a(libc_a-freer.o)
                0x080188ac                _free_r
 .text.malloc   0x08018940       0x10 C:/ST/STM32CubeIDE_1.17.0/STM32CubeIDE/plugins/com.st.stm32cube.ide.mcu.externaltools.gnu-tools-for-stm32.13.3.rel1.win32_1.0.0.202411081344/tools/bin/../lib/gcc/arm-none-eabi/13.3.1/../../../../arm-none-eabi/lib/thumb/v7e-m+dp/hard\libc_nano.a(libc_a-malloc.o)
                0x08018940                malloc
 .text.sbrk_aligned
                0x08018950       0x44 C:/ST/STM32CubeIDE_1.17.0/STM32CubeIDE/plugins/com.st.stm32cube.ide.mcu.externaltools.gnu-tools-for-stm32.13.3.rel1.win32_1.0.0.202411081344/tools/bin/../lib/gcc/arm-none-eabi/13.3.1/../../../../arm-none-eabi/lib/thumb/v7e-m+dp/hard\libc_nano.a(libc_a-mallocr.o)
 .text._malloc_r
                0x08018994      0x100 C:/ST/STM32CubeIDE_1.17.0/STM32CubeIDE/plugins/com.st.stm32cube.ide.mcu.externaltools.gnu-tools-for-stm32.13.3.rel1.win32_1.0.0.202411081344/tools/bin/../lib/gcc/arm-none-eabi/13.3.1/../../../../arm-none-eabi/lib/thumb/v7e-m+dp/hard\libc_nano.a(libc_a-mallocr.o)
                0x08018994                _malloc_r
 .text.__malloc_lock
                0x08018a94        0xc C:/ST/STM32CubeIDE_1.17.0/STM32CubeIDE/plugins/com.st.stm32cube.ide.mcu.externaltools.gnu-tools-for-stm32.13.3.rel1.win32_1.0.0.202411081344/tools/bin/../lib/gcc/arm-none-eabi/13.3.1/../../../../arm-none-eabi/lib/thumb/v7e-m+dp/hard\libc_nano.a(libc_a-mlock.o)
                0x08018a94                __malloc_lock
 .text.__malloc_unlock
                0x08018aa0        0xc C:/ST/STM32CubeIDE_1.17.0/STM32CubeIDE/plugins/com.st.stm32cube.ide.mcu.externaltools.gnu-tools-for-stm32.13.3.rel1.win32_1.0.0.202411081344/tools/bin/../lib/gcc/arm-none-eabi/13.3.1/../../../../arm-none-eabi/lib/thumb/v7e-m+dp/hard\libc_nano.a(libc_a-mlock.o)
                0x08018aa0                __malloc_unlock
 .text._Balloc  0x08018aac       0x80 C:/ST/STM32CubeIDE_1.17.0/STM32CubeIDE/plugins/com.st.stm32cube.ide.mcu.externaltools.gnu-tools-for-stm32.13.3.rel1.win32_1.0.0.202411081344/tools/bin/../lib/gcc/arm-none-eabi/13.3.1/../../../../arm-none-eabi/lib/thumb/v7e-m+dp/hard\libc_nano.a(libc_a-mprec.o)
                0x08018aac                _Balloc
 .text._Bfree   0x08018b2c       0x44 C:/ST/STM32CubeIDE_1.17.0/STM32CubeIDE/plugins/com.st.stm32cube.ide.mcu.externaltools.gnu-tools-for-stm32.13.3.rel1.win32_1.0.0.202411081344/tools/bin/../lib/gcc/arm-none-eabi/13.3.1/../../../../arm-none-eabi/lib/thumb/v7e-m+dp/hard\libc_nano.a(libc_a-mprec.o)
                0x08018b2c                _Bfree
 .text.__multadd
                0x08018b70       0x8c C:/ST/STM32CubeIDE_1.17.0/STM32CubeIDE/plugins/com.st.stm32cube.ide.mcu.externaltools.gnu-tools-for-stm32.13.3.rel1.win32_1.0.0.202411081344/tools/bin/../lib/gcc/arm-none-eabi/13.3.1/../../../../arm-none-eabi/lib/thumb/v7e-m+dp/hard\libc_nano.a(libc_a-mprec.o)
                0x08018b70                __multadd
 .text.__hi0bits
                0x08018bfc       0x3e C:/ST/STM32CubeIDE_1.17.0/STM32CubeIDE/plugins/com.st.stm32cube.ide.mcu.externaltools.gnu-tools-for-stm32.13.3.rel1.win32_1.0.0.202411081344/tools/bin/../lib/gcc/arm-none-eabi/13.3.1/../../../../arm-none-eabi/lib/thumb/v7e-m+dp/hard\libc_nano.a(libc_a-mprec.o)
                0x08018bfc                __hi0bits
 .text.__lo0bits
                0x08018c3a       0x5a C:/ST/STM32CubeIDE_1.17.0/STM32CubeIDE/plugins/com.st.stm32cube.ide.mcu.externaltools.gnu-tools-for-stm32.13.3.rel1.win32_1.0.0.202411081344/tools/bin/../lib/gcc/arm-none-eabi/13.3.1/../../../../arm-none-eabi/lib/thumb/v7e-m+dp/hard\libc_nano.a(libc_a-mprec.o)
                0x08018c3a                __lo0bits
 .text.__i2b    0x08018c94       0x2c C:/ST/STM32CubeIDE_1.17.0/STM32CubeIDE/plugins/com.st.stm32cube.ide.mcu.externaltools.gnu-tools-for-stm32.13.3.rel1.win32_1.0.0.202411081344/tools/bin/../lib/gcc/arm-none-eabi/13.3.1/../../../../arm-none-eabi/lib/thumb/v7e-m+dp/hard\libc_nano.a(libc_a-mprec.o)
                0x08018c94                __i2b
 .text.__multiply
                0x08018cc0      0x144 C:/ST/STM32CubeIDE_1.17.0/STM32CubeIDE/plugins/com.st.stm32cube.ide.mcu.externaltools.gnu-tools-for-stm32.13.3.rel1.win32_1.0.0.202411081344/tools/bin/../lib/gcc/arm-none-eabi/13.3.1/../../../../arm-none-eabi/lib/thumb/v7e-m+dp/hard\libc_nano.a(libc_a-mprec.o)
                0x08018cc0                __multiply
 .text.__pow5mult
                0x08018e04       0xb4 C:/ST/STM32CubeIDE_1.17.0/STM32CubeIDE/plugins/com.st.stm32cube.ide.mcu.externaltools.gnu-tools-for-stm32.13.3.rel1.win32_1.0.0.202411081344/tools/bin/../lib/gcc/arm-none-eabi/13.3.1/../../../../arm-none-eabi/lib/thumb/v7e-m+dp/hard\libc_nano.a(libc_a-mprec.o)
                0x08018e04                __pow5mult
 .text.__lshift
                0x08018eb8       0xd8 C:/ST/STM32CubeIDE_1.17.0/STM32CubeIDE/plugins/com.st.stm32cube.ide.mcu.externaltools.gnu-tools-for-stm32.13.3.rel1.win32_1.0.0.202411081344/tools/bin/../lib/gcc/arm-none-eabi/13.3.1/../../../../arm-none-eabi/lib/thumb/v7e-m+dp/hard\libc_nano.a(libc_a-mprec.o)
                0x08018eb8                __lshift