../Core/Src/BNO085_SPI_Library.c:72:6:SPI_Transmit	32	static
../Core/Src/BNO085_SPI_Library.c:77:9:SPI_TransmitReceive_Return_Byte	32	static
../Core/Src/BNO085_SPI_Library.c:85:13:rstn	8	static
../Core/Src/BNO085_SPI_Library.c:90:13:csn	8	static
../Core/Src/BNO085_SPI_Library.c:95:13:reset_Hardware	24	static
../Core/Src/BNO085_SPI_Library.c:101:16:wait_for_INTN	24	static
../Core/Src/BNO085_SPI_Library.c:116:13:check_INTN	16	static
../Core/Src/BNO085_SPI_Library.c:125:14:fixpoint_to_float	24	static
../Core/Src/BNO085_SPI_Library.c:131:9:receive_Data	48	static
../Core/Src/BNO085_SPI_Library.c:179:16:send_Data	48	static
../Core/Src/BNO085_SPI_Library.c:212:16:set_FeatureCommand	32	static
../Core/Src/BNO085_SPI_Library.c:234:10:parse_InputReport	40	static
../Core/Src/BNO085_SPI_Library.c:346:17:get_Readings	24	static
../Core/Src/BNO085_SPI_Library.c:362:6:register_Sensor	24	static
../Core/Src/BNO085_SPI_Library.c:376:9:clear_init_Message_IMU	40	static
../Core/Src/BNO085_SPI_Library.c:384:6:hardreset_IMU	32	static
../Core/Src/BNO085_SPI_Library.c:388:6:get_and_clear_Reset_Status	16	static
../Core/Src/BNO085_SPI_Library.c:396:9:enable_GameRotationVector	16	static
../Core/Src/BNO085_SPI_Library.c:401:9:enable_LinearAcceleration	16	static
../Core/Src/BNO085_SPI_Library.c:405:9:enable_Gyroscope	16	static
../Core/Src/BNO085_SPI_Library.c:409:9:tare_now	24	static
../Core/Src/BNO085_SPI_Library.c:424:6:data_available	16	static
../Core/Src/BNO085_SPI_Library.c:434:9:force_read_data	16	static
../Core/Src/BNO085_SPI_Library.c:449:7:get_LinearAcceleration_X	16	static
../Core/Src/BNO085_SPI_Library.c:453:7:get_LinearAcceleration_Y	16	static
../Core/Src/BNO085_SPI_Library.c:457:7:get_LinearAcceleration_Z	16	static
../Core/Src/BNO085_SPI_Library.c:461:7:get_Gyroscope_X	16	static
../Core/Src/BNO085_SPI_Library.c:465:7:get_Gyroscope_Y	16	static
../Core/Src/BNO085_SPI_Library.c:469:7:get_Gyroscope_Z	16	static
../Core/Src/BNO085_SPI_Library.c:473:9:get_Gyroscope_Accuracy	16	static
../Core/Src/BNO085_SPI_Library.c:477:7:get_Quat_I	16	static
../Core/Src/BNO085_SPI_Library.c:481:7:get_Quat_J	16	static
../Core/Src/BNO085_SPI_Library.c:485:7:get_Quat_K	16	static
../Core/Src/BNO085_SPI_Library.c:489:7:get_Quat_Real	16	static
../Core/Src/BNO085_SPI_Library.c:493:9:get_Quat_Accuracy	16	static
../Core/Src/BNO085_SPI_Library.c:498:9:check_Connection_IMU	24	static
../Core/Src/BNO085_SPI_Library.c:535:9:check_Command_Success	16	static
