../Core/Src/main.c:110:6:delay_Us	2
../Core/Src/main.c:124:5:main	3
../Core/Src/main.c:337:6:SystemClock_Config	4
../Core/Src/main.c:415:13:MX_I2C1_Init	4
../Core/Src/main.c:470:13:MX_TIM4_Init	7
../Core/Src/main.c:534:13:MX_USART1_UART_Init	5
../Core/Src/main.c:591:13:MX_USART2_UART_Init	5
../Core/Src/main.c:644:13:MX_USART3_UART_Init	5
../Core/Src/main.c:690:13:MX_DMA_Init	1
../Core/Src/main.c:708:13:MX_GPIO_Init	1
../Core/Src/main.c:812:6:HAL_UARTEx_RxEventCallback	37
../Core/Src/main.c:846:6:vApplicationStackOverflowHook	2
../Core/Src/main.c:863:6:vApplicationMallocFailedHook	1
../Core/Src/main.c:879:13:MX_DWT_Init	1
../Core/Src/main.c:886:13:MX_TIM1_Init	7
../Core/Src/main.c:958:6:HAL_TIM_PeriodElapsedCallback	2
../Core/Src/main.c:976:6:Error_Handler	1
